###############################################################################
#
# IAR ELF Linker V9.20.4.327/W64 for ARM                  22/Jun/2022  22:50:34
# Copyright 2007-2022 IAR Systems AB.
#
#    Output file  =
#        C:\Users\ga\OneDrive\UTFPR\10 semestre\Sistemas
#        Embarcados\EmbeddedSystems-ELF74\Lab6\Debug\Exe\Lab6.out
#    Map file     =
#        C:\Users\ga\OneDrive\UTFPR\10 semestre\Sistemas
#        Embarcados\EmbeddedSystems-ELF74\Lab6\Debug\List\Lab6.map
#    Command line =
#        -f "C:\Users\ga\OneDrive\UTFPR\10 semestre\Sistemas
#        Embarcados\EmbeddedSystems-ELF74\Lab6\Debug\Exe\Lab6.out.rsp"
#        ("C:\Users\ga\OneDrive\UTFPR\10 semestre\Sistemas
#        Embarcados\EmbeddedSystems-ELF74\TivaWare\driverlib\ewarm\Exe\driverlib.a"
#        "C:\Users\ga\OneDrive\UTFPR\10 semestre\Sistemas
#        Embarcados\EmbeddedSystems-ELF74\Lab6\Debug\Obj\Source\Led.o"
#        "C:\Users\ga\OneDrive\UTFPR\10 semestre\Sistemas
#        Embarcados\EmbeddedSystems-ELF74\Lab6\Debug\Obj\Source\main.o"
#        "C:\Users\ga\OneDrive\UTFPR\10 semestre\Sistemas
#        Embarcados\EmbeddedSystems-ELF74\Lab6\Debug\Obj\Source\startup_ewarm.o"
#        "C:\Users\ga\OneDrive\UTFPR\10 semestre\Sistemas
#        Embarcados\EmbeddedSystems-ELF74\threadx\ports\cortex_m4\iar\example_build\Debug\Exe\tx.a"
#        "C:\Users\ga\OneDrive\UTFPR\10 semestre\Sistemas
#        Embarcados\EmbeddedSystems-ELF74\Lab6\Debug\Obj\Source\tx_initialize_low_level.o"
#        --redirect _Printf=_PrintfFullNoMb --redirect _Scanf=_ScanfFullNoMb
#        --no_out_extension -o "C:\Users\ga\OneDrive\UTFPR\10 semestre\Sistemas
#        Embarcados\EmbeddedSystems-ELF74\Lab6\Debug\Exe\Lab6.out" --map
#        "C:\Users\ga\OneDrive\UTFPR\10 semestre\Sistemas
#        Embarcados\EmbeddedSystems-ELF74\Lab6\Debug\List\Lab6.map" --config
#        "C:\Program Files\IAR Systems\Embedded Workbench
#        9.0\arm\config\linker\TexasInstruments\TM4C1294NC.icf" --semihosting
#        --entry __iar_program_start --vfe --threaded_lib --text_out locale)
#
###############################################################################

*******************************************************************************
*** MESSAGES
***

Warning[Lt009]: Inconsistent wchar_t size
            gpio.o(driverlib.a) and 3 other objects in driverlib.a have wchar_t
                      size 16 bits
            Led.o and 65 other objects, some of them in tx.a and 31 other
                      libraries have wchar_t size 32 bits


*******************************************************************************
*** RUNTIME MODEL ATTRIBUTES
***

CppFlavor       = *
__CPP_Runtime   = 1
__Heap_Handler  = Basic
__SystemLibrary = DLib
__dlib_version  = 6


*******************************************************************************
*** HEAP SELECTION
***

The basic heap was selected because some modules are built with
size limitations (and not runtime checking), and --advanced_heap
was not specified.


*******************************************************************************
*** PLACEMENT SUMMARY
***

"A0":  place at address 0x0 { ro section .intvec };
"P1":  place in [from 0x0 to 0xf'ffff] { ro };
define block CSTACK with size = 32K, alignment = 8 { };
define block HEAP with size = 64K, alignment = 8 { };
"P2":  place in [from 0x2000'0000 to 0x2003'ffff] {
          rw, block CSTACK, block HEAP };
do not initialize { rw section .noinit };
initialize by copy { rw };

  Section            Kind         Address      Size  Object
  -------            ----         -------      ----  ------
"A0":                                         0x200
  .intvec            const            0x0     0x200  startup_ewarm.o [1]
                                  - 0x200     0x200

"P1":                                        0x3f80
  .text              ro code        0x200     0xf12  xprintffull_nomb.o [2]
  .text              ro code       0x1112      0x2a  copy_init3.o [5]
  .text              ro code       0x113c      0x16  strchr.o [5]
  .text              ro code       0x1152       0x2  vectortrap_M.o [5]
  .text              ro code       0x1154      0x40  xfail_s.o [2]
  .text              ro code       0x1194      0x36  strlen.o [5]
  .text              ro code       0x11cc      0x58  memchr.o [5]
  .text              ro code       0x1224      0xa6  ABImemcpy.o [5]
  .text              ro code       0x12cc      0x70  frexp.o [4]
  .text              ro code       0x133c      0x34  DblCmpLe.o [4]
  .text              ro code       0x1370      0x34  DblCmpGe.o [4]
  .text              ro code       0x13a4     0x13a  ldexp.o [4]
  .text              ro code       0x14e0      0x36  DblToS32.o [4]
  .text              ro code       0x1518      0x22  S32ToDbl.o [4]
  .text              ro code       0x153c     0x24e  DblAddSub.o [4]
  .text              ro code       0x178c     0x246  DblDiv.o [4]
  .text              ro code       0x19d4      0x22  DblToU32.o [4]
  .text              ro code       0x19f8      0x1c  U32ToDbl.o [4]
  .text              ro code       0x1a14     0x1aa  DblMul.o [4]
  .text              ro code       0x1bc0     0x230  I64DivMod.o [5]
  .text              ro code       0x1df0       0x6  abort.o [2]
  .text              ro code       0x1df8       0x2  I64DivZer.o [5]
  .text              ro code       0x1dfc      0x14  exit.o [6]
  .text              ro code       0x1e10      0x7c  iarttio.o [6]
  .text              ro code       0x1e8c       0x8  XShttio.o [2]
  .text              ro code       0x1e94     0x220  tx_mutex_put.o [8]
  .text              ro code       0x20b4      0xb0  tx_mutex_prioritize.o [8]
  .text              ro code       0x2164      0xf0  tx_mutex_priority_change.o [8]
  .text              ro code       0x2254      0x40  tx_thread_system_preempt_check.o [8]
  .text              ro code       0x2294     0x144  tx_thread_system_resume.o [8]
  .text              ro code       0x23d8     0x1c8  tx_thread_system_suspend.o [8]
  .text              ro code       0x25a0      0x2e  tx_timer_system_deactivate.o [8]
  .text              ro code       0x25d0      0x64  tx_timer_system_activate.o [8]
  .text              ro code       0x2634     0x1cc  gpio.o [3]
  .text              ro code       0x2800     0x15c  txe_thread_create.o [8]
  .text              ro code       0x295c     0x158  tx_thread_create.o [8]
  .text              ro code       0x2ab4      0x66  ABImemset.o [5]
  .text              ro code       0x2b1c      0x44  tx_thread_stack_build.o [8]
  .text              ro code       0x2b60     0x114  tx_iar.o [8]
  .text              ro code       0x2c74      0x3c  tlsinit.o [7]
  .text              ro code       0x2cb0     0x124  heap0.o [2]
  .text              ro code       0x2dd4      0x6c  tx_mutex_create.o [8]
  .text              ro code       0x2e40      0xb4  tx_mutex_delete.o [8]
  .text              ro code       0x2ef4     0x118  tx_mutex_get.o [8]
  .text              ro code       0x300c       0x6  ABImemclr.o [5]
  .text              ro code       0x3014      0x50  xsyslock_mtx.o [7]
  .text              ro code       0x3064      0x2c  xgetmemchunk.o [2]
  .text              ro code       0x3090     0x130  tx_timer_thread_entry.o [8]
  .text              ro code       0x31c0     0x124  tx_byte_pool_search.o [8]
  .text              ro code       0x32e4     0x118  main.o [1]
  .text              ro code       0x33fc      0x48  Led.o [1]
  .text              ro code       0x3444      0x4c  tx_initialize_kernel_enter.o [8]
  .text              ro code       0x3490      0xd8  txe_byte_pool_create.o [8]
  .text              ro code       0x3568      0x98  txe_byte_allocate.o [8]
  .text              ro code       0x3600      0x30  txe_block_release.o [8]
  .text              ro code       0x3630      0x90  tx_thread_sleep.o [8]
  .text              ro code       0x36c0      0x44  sysctl.o [3]
  .text              ro code       0x3704      0x74  tx_initialize_low_level.o [1]
  .text              ro code       0x3778      0x84  tx_initialize_high_level.o [8]
  .text              ro code       0x37fc      0xa0  tx_thread_schedule.o [8]
  .text              ro code       0x389c      0x9c  tx_byte_pool_create.o [8]
  .text              ro code       0x3938      0xd8  tx_byte_allocate.o [8]
  .text              ro code       0x3a10      0x6c  tx_block_release.o [8]
  .text              ro code       0x3a7c      0xb8  tx_timer_interrupt.o [8]
  .text              ro code       0x3b34      0x88  tx_thread_initialize.o [8]
  .text              ro code       0x3bbc      0xe0  tx_timer_initialize.o [8]
  .text              ro code       0x3c9c      0x24  tx_timer_expiration_process.o [8]
  .text              ro code       0x3cc0      0x68  tx_thread_time_slice.o [8]
  .text              ro code       0x3d28      0xc8  tx_mutex_cleanup.o [8]
  .text              ro code       0x3df0      0x88  tx_byte_pool_cleanup.o [8]
  .text              ro code       0x3e78      0x78  tx_thread_shell_entry.o [8]
  .text              ro code       0x3ef0      0x38  tx_thread_timeout.o [8]
  .text              ro code       0x3f28      0x38  zero_init3.o [5]
  .text              ro code       0x3f60      0x28  printf.o [2]
  .text              ro code       0x3f88      0x28  data_init.o [5]
  .text              ro code       0x3fb0      0x24  startup_ewarm.o [1]
  .text              ro code       0x3fd4      0x1c  cstartup_M.o [5]
  .text              ro code       0x3ff0      0x22  fpinit_M.o [4]
  .text              ro code       0x4014      0x1e  cmain.o [5]
  .text              ro code       0x4032       0x4  low_level_init.o [2]
  .text              ro code       0x4036       0x4  exit.o [2]
  .text              ro code       0x403c       0xe  cexit.o [5]
  .text              ro code       0x404a      0x22  iarwrite.o [6]
  .iar.init_table    const         0x406c      0x24  - Linker created -
  .text              ro code       0x4090      0x20  putchar.o [2]
  .text              ro code       0x40b0      0x10  write.o [6]
  .text              ro code       0x40c0      0x1e  dwrite.o [6]
  .text              ro code       0x40de      0x20  iarwstd.o [6]
  .rodata            const         0x4100      0x18  tx_iar.o [8]
  .text              ro code       0x4118      0x16  xprout.o [2]
  .rodata            const         0x4130      0x14  tx_timer_initialize.o [8]
  .rodata            const         0x4144       0xc  main.o [1]
  .rodata            const         0x4150       0xc  main.o [1]
  .rodata            const         0x415c       0xc  main.o [1]
  .rodata            const         0x4168       0xc  startup_ewarm.o [1]
  Initializer bytes  const         0x4174       0xc  <for P2-1>
  .text              ro code       0x4180       0x0  cstart_clearlocks.o [5]
  .rodata            const         0x4180       0x0  zero_init3.o [5]
  .rodata            const         0x4180       0x0  copy_init3.o [5]
                                 - 0x4180    0x3f80

"P2", part 1 of 3:                              0xc
  P2-1                        0x2000'0000       0xc  <Init block>
    .data            inited   0x2000'0000       0x4  tx_thread_initialize.o [8]
    .data            inited   0x2000'0004       0x8  XShttio.o [2]
                            - 0x2000'000c       0xc

"P2", part 2 of 3:                           0x2ca0
  .bss               zero     0x2000'000c    0x23a0  main.o [1]
  .bss               zero     0x2000'23ac     0x400  tx_timer_initialize.o [8]
  .bss               zero     0x2000'27ac      0xd0  tx_iar.o [8]
  .bss               zero     0x2000'287c      0xb8  main.o [1]
  .bss               zero     0x2000'2934      0xb8  main.o [1]
  .bss               zero     0x2000'29ec      0xb8  tx_timer_initialize.o [8]
  .bss               zero     0x2000'2aa4      0x80  tx_thread_initialize.o [8]
  .bss               zero     0x2000'2b24      0x80  tx_timer_initialize.o [8]
  .bss               zero     0x2000'2ba4      0x34  main.o [1]
  .bss               zero     0x2000'2bd8      0x10  xsyslock_mtx.o [7]
  FREE_MEM           zero     0x2000'2be8      0x10  tx_initialize_low_level.o [1]
  .bss               zero     0x2000'2bf8       0x8  heap0.o [2]
  .bss               zero     0x2000'2c00       0x4  tx_thread_initialize.o [8]
  .bss               zero     0x2000'2c04       0x4  tx_thread_initialize.o [8]
  .bss               zero     0x2000'2c08       0x4  tx_thread_initialize.o [8]
  .bss               zero     0x2000'2c0c       0x4  tx_thread_initialize.o [8]
  .bss               zero     0x2000'2c10       0x4  tx_thread_initialize.o [8]
  .bss               zero     0x2000'2c14       0x4  tx_thread_initialize.o [8]
  .bss               zero     0x2000'2c18       0x4  tx_thread_initialize.o [8]
  .bss               zero     0x2000'2c1c       0x4  tx_thread_initialize.o [8]
  .bss               zero     0x2000'2c20       0x4  tx_thread_initialize.o [8]
  .bss               zero     0x2000'2c24       0x4  tx_thread_initialize.o [8]
  .bss               zero     0x2000'2c28       0x4  tx_thread_initialize.o [8]
  .bss               zero     0x2000'2c2c       0x4  tx_initialize_high_level.o [8]
  .bss               zero     0x2000'2c30       0x4  tx_initialize_high_level.o [8]
  .bss               zero     0x2000'2c34       0x4  tx_initialize_high_level.o [8]
  .bss               zero     0x2000'2c38       0x4  tx_initialize_high_level.o [8]
  .bss               zero     0x2000'2c3c       0x4  tx_initialize_high_level.o [8]
  .bss               zero     0x2000'2c40       0x4  tx_initialize_high_level.o [8]
  .bss               zero     0x2000'2c44       0x4  tx_initialize_high_level.o [8]
  .bss               zero     0x2000'2c48       0x4  tx_initialize_high_level.o [8]
  .bss               zero     0x2000'2c4c       0x4  tx_initialize_high_level.o [8]
  .bss               zero     0x2000'2c50       0x4  tx_initialize_high_level.o [8]
  .bss               zero     0x2000'2c54       0x4  tx_initialize_high_level.o [8]
  .bss               zero     0x2000'2c58       0x4  tx_initialize_high_level.o [8]
  .bss               zero     0x2000'2c5c       0x4  tx_initialize_high_level.o [8]
  .bss               zero     0x2000'2c60       0x4  tx_timer_initialize.o [8]
  .bss               zero     0x2000'2c64       0x4  tx_timer_initialize.o [8]
  .bss               zero     0x2000'2c68       0x4  tx_timer_initialize.o [8]
  .bss               zero     0x2000'2c6c       0x4  tx_timer_initialize.o [8]
  .bss               zero     0x2000'2c70       0x4  tx_timer_initialize.o [8]
  .bss               zero     0x2000'2c74       0x4  tx_timer_initialize.o [8]
  .bss               zero     0x2000'2c78       0x4  tx_timer_initialize.o [8]
  .bss               zero     0x2000'2c7c       0x4  tx_timer_initialize.o [8]
  .bss               zero     0x2000'2c80       0x4  tx_timer_initialize.o [8]
  .bss               zero     0x2000'2c84       0x4  tx_timer_initialize.o [8]
  .bss               zero     0x2000'2c88       0x4  tx_timer_initialize.o [8]
  .bss               zero     0x2000'2c8c       0x4  tx_timer_initialize.o [8]
  .bss               zero     0x2000'2c90       0x4  tx_timer_initialize.o [8]
  .bss               zero     0x2000'2c94       0x4  tx_iar.o [8]
  .bss               zero     0x2000'2c98       0x4  tx_iar.o [8]
  .bss               zero     0x2000'2c9c       0x4  tx_iar.o [8]
  .bss               zero     0x2000'2ca0       0x4  tx_iar.o [8]
  .bss               zero     0x2000'2ca4       0x4  xfail_s.o [2]
  .bss               zero     0x2000'2ca8       0x4  xgetmemchunk.o [2]
                            - 0x2000'2cac    0x2ca0

"P2", part 3 of 3:                         0x1'0104
  .noinit            uninit   0x2000'2cac     0x100  startup_ewarm.o [1]
  HEAP                        0x2000'2db0  0x1'0000  <Block>
    HEAP             uninit   0x2000'2db0  0x1'0000  <Block tail>
                            - 0x2001'2db0  0x1'0104

Unused ranges:

         From           To      Size
         ----           --      ----
       0x4180     0xf'ffff  0xf'be80
  0x2001'2db0  0x2003'ffff  0x2'd250


*******************************************************************************
*** INIT TABLE
***

          Address      Size
          -------      ----
Zero (__iar_zero_init3)
    1 destination range, total size 0x2ca0:
          0x2000'000c  0x2ca0

Copy (__iar_copy_init3)
    1 source range, total size 0xc:
               0x4174     0xc
    1 destination range, total size 0xc:
          0x2000'0000     0xc



*******************************************************************************
*** MODULE SUMMARY
***

    Module                            ro code  ro data  rw data
    ------                            -------  -------  -------
command line/config:
    -----------------------------------------------------------
    Total:

C:\Users\ga\OneDrive\UTFPR\10 semestre\Sistemas Embarcados\EmbeddedSystems-ELF74\Lab6\Debug\Obj\Source: [1]
    Led.o                                  72
    main.o                                280       36    9'540
    startup_ewarm.o                        36      524      256
    tx_initialize_low_level.o             116                16
    -----------------------------------------------------------
    Total:                                504      560    9'812

dl7M_tln.a: [2]
    XShttio.o                               8        8        8
    abort.o                                 6
    exit.o                                  4
    heap0.o                               292                 8
    low_level_init.o                        4
    printf.o                               40
    putchar.o                              32
    xfail_s.o                              64                 4
    xgetmemchunk.o                         44                 4
    xprintffull_nomb.o                  3'858
    xprout.o                               22
    -----------------------------------------------------------
    Total:                              4'374        8       24

driverlib.a: [3]
    gpio.o                                460
    sysctl.o                               68
    -----------------------------------------------------------
    Total:                                528

m7M_tls.a: [4]
    DblAddSub.o                           590
    DblCmpGe.o                             52
    DblCmpLe.o                             52
    DblDiv.o                              582
    DblMul.o                              426
    DblToS32.o                             54
    DblToU32.o                             34
    S32ToDbl.o                             34
    U32ToDbl.o                             28
    fpinit_M.o                             34
    frexp.o                               112
    ldexp.o                               314
    -----------------------------------------------------------
    Total:                              2'312

rt7M_tl.a: [5]
    ABImemclr.o                             6
    ABImemcpy.o                           166
    ABImemset.o                           102
    I64DivMod.o                           560
    I64DivZer.o                             2
    cexit.o                                14
    cmain.o                                30
    copy_init3.o                           42
    cstart_clearlocks.o
    cstartup_M.o                           28
    data_init.o                            40
    memchr.o                               88
    strchr.o                               22
    strlen.o                               54
    vectortrap_M.o                          2
    zero_init3.o                           56
    -----------------------------------------------------------
    Total:                              1'212

shb_l.a: [6]
    dwrite.o                               30
    exit.o                                 20
    iarttio.o                             124
    iarwrite.o                             34
    iarwstd.o                              32
    write.o                                16
    -----------------------------------------------------------
    Total:                                256

th7M_tln.a: [7]
    tlsinit.o                              60
    xsyslock_mtx.o                         80                16
    -----------------------------------------------------------
    Total:                                140                16

tx.a: [8]
    tx_block_release.o                    108
    tx_byte_allocate.o                    216
    tx_byte_pool_cleanup.o                136
    tx_byte_pool_create.o                 156
    tx_byte_pool_search.o                 292
    tx_iar.o                              276       24      224
    tx_initialize_high_level.o            132                52
    tx_initialize_kernel_enter.o           76
    tx_mutex_cleanup.o                    200
    tx_mutex_create.o                     108
    tx_mutex_delete.o                     180
    tx_mutex_get.o                        280
    tx_mutex_prioritize.o                 176
    tx_mutex_priority_change.o            240
    tx_mutex_put.o                        544
    tx_thread_create.o                    344
    tx_thread_initialize.o                136        4      176
    tx_thread_schedule.o                  160
    tx_thread_shell_entry.o               120
    tx_thread_sleep.o                     144
    tx_thread_stack_build.o                68
    tx_thread_system_preempt_check.o       64
    tx_thread_system_resume.o             324
    tx_thread_system_suspend.o            456
    tx_thread_time_slice.o                104
    tx_thread_timeout.o                    56
    tx_timer_expiration_process.o          36
    tx_timer_initialize.o                 224       20    1'388
    tx_timer_interrupt.o                  184
    tx_timer_system_activate.o            100
    tx_timer_system_deactivate.o           46
    tx_timer_thread_entry.o               304
    txe_block_release.o                    48
    txe_byte_allocate.o                   152
    txe_byte_pool_create.o                216
    txe_thread_create.o                   348
    -----------------------------------------------------------
    Total:                              6'754       48    1'840

    Gaps                                   32        4
    Linker created                                  36   65'536
---------------------------------------------------------------
    Grand Total:                       16'112      656   77'228


*******************************************************************************
*** ENTRY LIST
***

Entry                       Address    Size  Type      Object
-----                       -------    ----  ----      ------
.iar.init_table$$Base        0x406c           --   Gb  - Linker created -
.iar.init_table$$Limit       0x4090           --   Gb  - Linker created -
?main                        0x4015          Code  Gb  cmain.o [5]
Aldata                  0x2000'2bf8     0x8  Data  Lc  heap0.o [2]
BusFault_Handler             0x1153          Code  Wk  vectortrap_M.o [5]
DebugMon_Handler             0x1153          Code  Wk  vectortrap_M.o [5]
GPIODirModeSet               0x2635    0x28  Code  Gb  gpio.o [3]
GPIOPadConfigSet             0x265d   0x174  Code  Gb  gpio.o [3]
GPIOPinTypeGPIOOutput        0x27d7     0xa  Code  Gb  gpio.o [3]
GPIOPinWrite                 0x27d1     0x6  Code  Gb  gpio.o [3]
HEAP$$Base              0x2000'2db0           --   Gb  - Linker created -
HEAP$$Limit             0x2001'2db0           --   Gb  - Linker created -
HardFault_Handler            0x1153          Code  Wk  vectortrap_M.o [5]
IntDefaultHandler            0x3fc3     0xa  Code  Lc  startup_ewarm.o [1]
MemManage_Handler            0x1153          Code  Wk  vectortrap_M.o [5]
NMI_Handler                  0x1153          Code  Wk  vectortrap_M.o [5]
PendSV_Handler               0x381d          Code  Gb  tx_thread_schedule.o [8]
Region$$Table$$Base          0x406c           --   Gb  - Linker created -
Region$$Table$$Limit         0x4090           --   Gb  - Linker created -
ResetISR                     0x3fb1    0x12  Code  Gb  startup_ewarm.o [1]
SVC_Handler                  0x1153          Code  Wk  vectortrap_M.o [5]
SetupLeds                    0x33fd    0x38  Code  Gb  Led.o [1]
SysCtlPeripheralEnable       0x36e1     0x8  Code  Gb  sysctl.o [3]
SysCtlPeripheralReady        0x36c1     0x8  Code  Gb  sysctl.o [3]
SysTick_Handler              0x374b          Code  Gb  tx_initialize_low_level.o [1]
UsageFault_Handler           0x1153          Code  Wk  vectortrap_M.o [5]
_LitobFullNoMb                0xf19   0x10c  Code  Lc  xprintffull_nomb.o [2]
_PrintfFullNoMb               0x201   0xce8  Code  Gb  xprintffull_nomb.o [2]
_Prout                       0x4119    0x16  Code  Gb  xprout.o [2]
_PutcharFullNoMb             0x107d    0x20  Code  Lc  xprintffull_nomb.o [2]
_PutcharsFullNoMb            0x109d    0x2e  Code  Lc  xprintffull_nomb.o [2]
__aeabi_cdcmple              0x133d          Code  Gb  DblCmpLe.o [4]
__aeabi_cdrcmple             0x1371          Code  Gb  DblCmpGe.o [4]
__aeabi_d2iz                 0x14e1          Code  Gb  DblToS32.o [4]
__aeabi_d2uiz                0x19d5          Code  Gb  DblToU32.o [4]
__aeabi_ddiv                 0x178d          Code  Gb  DblDiv.o [4]
__aeabi_dmul                 0x1a15          Code  Gb  DblMul.o [4]
__aeabi_dsub                 0x16a9          Code  Gb  DblAddSub.o [4]
__aeabi_i2d                  0x1519          Code  Gb  S32ToDbl.o [4]
__aeabi_ldiv0                0x1df9          Code  Gb  I64DivZer.o [5]
__aeabi_memclr               0x300d          Code  Gb  ABImemclr.o [5]
__aeabi_memcpy               0x1225          Code  Gb  ABImemcpy.o [5]
__aeabi_memcpy4              0x1245          Code  Gb  ABImemcpy.o [5]
__aeabi_memcpy8              0x1245          Code  Gb  ABImemcpy.o [5]
__aeabi_memset               0x2ab5          Code  Gb  ABImemset.o [5]
__aeabi_ui2d                 0x19f9          Code  Gb  U32ToDbl.o [4]
__aeabi_uldivmod             0x1bc1          Code  Gb  I64DivMod.o [5]
__basic_free_intern          0x2d5d    0x74  Code  Lc  heap0.o [2]
__basic_malloc               0x2cb1    0x18  Code  Gb  heap0.o [2]
__basic_malloc_intern        0x2cc9    0x94  Code  Lc  heap0.o [2]
__cexit_clearlocks           0x403f          Code  Gb  cexit.o [5]
__cmain                      0x4015          Code  Gb  cmain.o [5]
__cstart_clearlocks          0x4180          Data  Gb  cstart_clearlocks.o [5]
__data_GetMemChunk           0x3065    0x2c  Code  Gb  xgetmemchunk.o [2]
__data_GetMemChunk::start
                        0x2000'2ca8     0x4  Data  Lc  xgetmemchunk.o [2]
__dwrite                     0x40c1    0x1e  Code  Gb  dwrite.o [6]
__exit                       0x1dfd    0x14  Code  Gb  exit.o [6]
__iar_Fail_s                 0x1155    0x1c  Code  Gb  xfail_s.o [2]
__iar_Initlocks              0x304b    0x16  Code  Gb  xsyslock_mtx.o [7]
__iar_Locksyslock_Malloc
                             0x3015     0x6  Code  Gb  xsyslock_mtx.o [7]
__iar_Memchr                 0x11cd          Code  Gb  memchr.o [5]
__iar_Memset                 0x2ab5          Code  Gb  ABImemset.o [5]
__iar_Memset_word            0x2abd          Code  Gb  ABImemset.o [5]
__iar_Strchr                 0x113d          Code  Gb  strchr.o [5]
__iar_Unlocksyslock_Malloc
                             0x301b     0x6  Code  Gb  xsyslock_mtx.o [7]
__iar_clearlocks             0x3021    0x2a  Code  Gb  xsyslock_mtx.o [7]
__iar_close_ttio             0x1e11    0x2c  Code  Gb  iarttio.o [6]
__iar_copy_init3             0x1113    0x2a  Code  Gb  copy_init3.o [5]
__iar_data_init3             0x3f89    0x28  Code  Gb  data_init.o [5]
__iar_frexp                  0x12d9          Code  Gb  frexp.o [4]
__iar_frexpl                 0x12d9          Code  Gb  frexp.o [4]
__iar_get_ttio               0x1e3d    0x4c  Code  Gb  iarttio.o [6]
__iar_init_vfp               0x3ff1          Code  Gb  fpinit_M.o [4]
__iar_ldexp64                0x13a5          Code  Gb  ldexp.o [4]
__iar_lookup_ttioh           0x1e8d     0x8  Code  Gb  XShttio.o [2]
__iar_program_start          0x3fd5          Code  Gb  cstartup_M.o [5]
__iar_scalbln64              0x13a5          Code  Gb  ldexp.o [4]
__iar_scalbn64               0x13a5          Code  Gb  ldexp.o [4]
__iar_sh_stdout              0x40df    0x20  Code  Gb  iarwstd.o [6]
__iar_sh_write               0x404b    0x22  Code  Gb  iarwrite.o [6]
__iar_softfp___iar_frexp64
                             0x12cd          Code  Gb  frexp.o [4]
__iar_softfp_frexp           0x12cd          Code  Gb  frexp.o [4]
__iar_softfp_frexpl          0x12cd          Code  Gb  frexp.o [4]
__iar_system_Mtxdst          0x2bdb     0xa  Code  Gb  tx_iar.o [8]
__iar_system_Mtxinit         0x2b77    0x64  Code  Gb  tx_iar.o [8]
__iar_system_Mtxlock         0x2be5    0x3a  Code  Gb  tx_iar.o [8]
__iar_system_Mtxunlock       0x2c1f    0x36  Code  Gb  tx_iar.o [8]
__iar_tls$$DATA$$Length
                                0x0           --   Gb  - Linker created -
__iar_tls$$INIT_DATA$$Base
                                0x0           --   Gb  - Linker created -
__iar_tls$$INIT_DATA$$Length
                                0x0           --   Gb  - Linker created -
__iar_tls_init               0x2c91     0xc  Code  Gb  tlsinit.o [7]
__iar_tls_init_no_ctors
                             0x2c75    0x1c  Code  Gb  tlsinit.o [7]
__iar_tls_size               0x2c9d     0x4  Code  Gb  tlsinit.o [7]
__iar_ttio_handles      0x2000'0004     0x8  Data  Lc  XShttio.o [2]
__iar_zero_init3             0x3f29    0x38  Code  Gb  zero_init3.o [5]
__low_level_init             0x4033     0x4  Code  Gb  low_level_init.o [2]
__tx_PendSVHandler           0x381d          Code  Gb  tx_thread_schedule.o [8]
__tx_SysTickHandler          0x374b          Code  Gb  tx_initialize_low_level.o [1]
__tx_free_memory_start  0x2000'2be8          Data  Gb  tx_initialize_low_level.o [1]
__tx_iar_system_lock_internal_errors
                        0x2000'2c9c     0x4  Data  Gb  tx_iar.o [8]
__tx_iar_system_lock_isr_caller
                        0x2000'2ca0     0x4  Data  Gb  tx_iar.o [8]
__tx_iar_system_lock_mutexes
                        0x2000'27ac    0xd0  Data  Lc  tx_iar.o [8]
__tx_iar_system_lock_next_free_mutex
                        0x2000'2c94     0x4  Data  Lc  tx_iar.o [8]
__tx_iar_system_lock_no_mutexes
                        0x2000'2c98     0x4  Data  Gb  tx_iar.o [8]
__vector_table                  0x0   0x200  Data  Gb  startup_ewarm.o [1]
__write                      0x40b1    0x10  Code  Gb  write.o [6]
_call_main                   0x4021          Code  Gb  cmain.o [5]
_exit                        0x403d          Code  Gb  cexit.o [5]
_tx_block_pool_created_count
                        0x2000'2c50     0x4  Data  Gb  tx_initialize_high_level.o [8]
_tx_block_pool_created_ptr
                        0x2000'2c4c     0x4  Data  Gb  tx_initialize_high_level.o [8]
_tx_block_release            0x3a11    0x6c  Code  Gb  tx_block_release.o [8]
_tx_build_options       0x2000'2c28     0x4  Data  Gb  tx_thread_initialize.o [8]
_tx_byte_allocate            0x3939    0xd8  Code  Gb  tx_byte_allocate.o [8]
_tx_byte_pool_cleanup        0x3df1    0x88  Code  Gb  tx_byte_pool_cleanup.o [8]
_tx_byte_pool_create         0x389d    0x9c  Code  Gb  tx_byte_pool_create.o [8]
_tx_byte_pool_created_count
                        0x2000'2c58     0x4  Data  Gb  tx_initialize_high_level.o [8]
_tx_byte_pool_created_ptr
                        0x2000'2c54     0x4  Data  Gb  tx_initialize_high_level.o [8]
_tx_byte_pool_search         0x31c1   0x124  Code  Gb  tx_byte_pool_search.o [8]
_tx_event_flags_created_count
                        0x2000'2c40     0x4  Data  Gb  tx_initialize_high_level.o [8]
_tx_event_flags_created_ptr
                        0x2000'2c3c     0x4  Data  Gb  tx_initialize_high_level.o [8]
_tx_iar_create_per_thread_tls_area
                             0x2b61    0x16  Code  Gb  tx_iar.o [8]
_tx_initialize_high_level
                             0x3779    0x84  Code  Gb  tx_initialize_high_level.o [8]
_tx_initialize_kernel_enter
                             0x3445    0x4c  Code  Gb  tx_initialize_kernel_enter.o [8]
_tx_initialize_low_level
                             0x3705          Code  Gb  tx_initialize_low_level.o [1]
_tx_initialize_unused_memory
                        0x2000'2c5c     0x4  Data  Gb  tx_initialize_high_level.o [8]
_tx_mutex_cleanup            0x3d29    0x7a  Code  Gb  tx_mutex_cleanup.o [8]
_tx_mutex_create             0x2dd5    0x6c  Code  Gb  tx_mutex_create.o [8]
_tx_mutex_created_count
                        0x2000'2c48     0x4  Data  Gb  tx_initialize_high_level.o [8]
_tx_mutex_created_ptr   0x2000'2c44     0x4  Data  Gb  tx_initialize_high_level.o [8]
_tx_mutex_delete             0x2e41    0xb4  Code  Gb  tx_mutex_delete.o [8]
_tx_mutex_get                0x2ef5   0x118  Code  Gb  tx_mutex_get.o [8]
_tx_mutex_prioritize         0x20b5    0xb0  Code  Gb  tx_mutex_prioritize.o [8]
_tx_mutex_priority_change
                             0x2165    0xf0  Code  Gb  tx_mutex_priority_change.o [8]
_tx_mutex_put                0x1e95   0x220  Code  Gb  tx_mutex_put.o [8]
_tx_mutex_thread_release
                             0x3da5    0x40  Code  Gb  tx_mutex_cleanup.o [8]
_tx_queue_created_count
                        0x2000'2c38     0x4  Data  Gb  tx_initialize_high_level.o [8]
_tx_queue_created_ptr   0x2000'2c34     0x4  Data  Gb  tx_initialize_high_level.o [8]
_tx_semaphore_created_count
                        0x2000'2c30     0x4  Data  Gb  tx_initialize_high_level.o [8]
_tx_semaphore_created_ptr
                        0x2000'2c2c     0x4  Data  Gb  tx_initialize_high_level.o [8]
_tx_thread_create            0x295d   0x158  Code  Gb  tx_thread_create.o [8]
_tx_thread_created_count
                        0x2000'2c10     0x4  Data  Gb  tx_thread_initialize.o [8]
_tx_thread_created_ptr  0x2000'2c0c     0x4  Data  Gb  tx_thread_initialize.o [8]
_tx_thread_current_ptr  0x2000'2c04     0x4  Data  Gb  tx_thread_initialize.o [8]
_tx_thread_execute_ptr  0x2000'2c08     0x4  Data  Gb  tx_thread_initialize.o [8]
_tx_thread_highest_priority
                        0x2000'2c1c     0x4  Data  Gb  tx_thread_initialize.o [8]
_tx_thread_initialize        0x3b35    0x88  Code  Gb  tx_thread_initialize.o [8]
_tx_thread_mutex_release
                        0x2000'2c24     0x4  Data  Gb  tx_thread_initialize.o [8]
_tx_thread_preempt_disable
                        0x2000'2c20     0x4  Data  Gb  tx_thread_initialize.o [8]
_tx_thread_preempted_maps
                        0x2000'2c18     0x4  Data  Gb  tx_thread_initialize.o [8]
_tx_thread_priority_list
                        0x2000'2aa4    0x80  Data  Gb  tx_thread_initialize.o [8]
_tx_thread_priority_maps
                        0x2000'2c14     0x4  Data  Gb  tx_thread_initialize.o [8]
_tx_thread_schedule          0x37fd          Code  Gb  tx_thread_schedule.o [8]
_tx_thread_shell_entry       0x3e79    0x78  Code  Gb  tx_thread_shell_entry.o [8]
_tx_thread_sleep             0x3631    0x90  Code  Gb  tx_thread_sleep.o [8]
_tx_thread_stack_build       0x2b1d          Code  Gb  tx_thread_stack_build.o [8]
_tx_thread_system_preempt_check
                             0x2255    0x40  Code  Gb  tx_thread_system_preempt_check.o [8]
_tx_thread_system_resume
                             0x2295   0x144  Code  Gb  tx_thread_system_resume.o [8]
_tx_thread_system_stack_ptr
                        0x2000'2c00     0x4  Data  Gb  tx_thread_initialize.o [8]
_tx_thread_system_state
                        0x2000'0000     0x4  Data  Gb  tx_thread_initialize.o [8]
_tx_thread_system_suspend
                             0x23d9   0x1c8  Code  Gb  tx_thread_system_suspend.o [8]
_tx_thread_time_slice        0x3cc1    0x68  Code  Gb  tx_thread_time_slice.o [8]
_tx_thread_timeout           0x3ef1    0x38  Code  Gb  tx_thread_timeout.o [8]
_tx_timer_created_count
                        0x2000'2c7c     0x4  Data  Gb  tx_timer_initialize.o [8]
_tx_timer_created_ptr   0x2000'2c78     0x4  Data  Gb  tx_timer_initialize.o [8]
_tx_timer_current_ptr   0x2000'2c70     0x4  Data  Gb  tx_timer_initialize.o [8]
_tx_timer_expiration_process
                             0x3c9d    0x24  Code  Gb  tx_timer_expiration_process.o [8]
_tx_timer_expired       0x2000'2c74     0x4  Data  Gb  tx_timer_initialize.o [8]
_tx_timer_expired_time_slice
                        0x2000'2c64     0x4  Data  Gb  tx_timer_initialize.o [8]
_tx_timer_expired_timer_ptr
                        0x2000'2c80     0x4  Data  Gb  tx_timer_initialize.o [8]
_tx_timer_initialize         0x3bbd    0xe0  Code  Gb  tx_timer_initialize.o [8]
_tx_timer_interrupt          0x3a7d          Code  Gb  tx_timer_interrupt.o [8]
_tx_timer_list          0x2000'2b24    0x80  Data  Gb  tx_timer_initialize.o [8]
_tx_timer_list_end      0x2000'2c6c     0x4  Data  Gb  tx_timer_initialize.o [8]
_tx_timer_list_start    0x2000'2c68     0x4  Data  Gb  tx_timer_initialize.o [8]
_tx_timer_priority      0x2000'2c8c     0x4  Data  Gb  tx_timer_initialize.o [8]
_tx_timer_stack_size    0x2000'2c88     0x4  Data  Gb  tx_timer_initialize.o [8]
_tx_timer_stack_start   0x2000'2c84     0x4  Data  Gb  tx_timer_initialize.o [8]
_tx_timer_system_activate
                             0x25d1    0x64  Code  Gb  tx_timer_system_activate.o [8]
_tx_timer_system_clock  0x2000'2c60     0x4  Data  Gb  tx_timer_initialize.o [8]
_tx_timer_system_deactivate
                             0x25a1    0x2e  Code  Gb  tx_timer_system_deactivate.o [8]
_tx_timer_thread        0x2000'29ec    0xb8  Data  Gb  tx_timer_initialize.o [8]
_tx_timer_thread_entry       0x3091   0x130  Code  Gb  tx_timer_thread_entry.o [8]
_tx_timer_thread_stack_area
                        0x2000'23ac   0x400  Data  Gb  tx_timer_initialize.o [8]
_tx_timer_time_slice    0x2000'2c90     0x4  Data  Gb  tx_timer_initialize.o [8]
_txe_block_release           0x3601    0x30  Code  Gb  txe_block_release.o [8]
_txe_byte_allocate           0x3569    0x98  Code  Gb  txe_byte_allocate.o [8]
_txe_byte_pool_create        0x3491    0xd8  Code  Gb  txe_byte_pool_create.o [8]
_txe_thread_create           0x2801   0x15c  Code  Gb  txe_thread_create.o [8]
abort                        0x1df1     0x6  Code  Gb  abort.o [2]
byte_pool_0             0x2000'2ba4    0x34  Data  Gb  main.o [1]
byte_pool_memory        0x2000'000c  0x23a0  Data  Gb  main.o [1]
exit                         0x4037     0x4  Code  Gb  exit.o [2]
ldexp                        0x13a5          Code  Gb  ldexp.o [4]
ldexpl                       0x13a5          Code  Gb  ldexp.o [4]
main                         0x32e5     0xe  Code  Gb  main.o [1]
memchr                       0x11cd          Code  Gb  memchr.o [5]
mtx                     0x2000'2bd8    0x10  Data  Lc  xsyslock_mtx.o [7]
printf                       0x3f61    0x28  Code  Gb  printf.o [2]
pui32Stack              0x2000'2cac   0x100  Data  Lc  startup_ewarm.o [1]
putchar                      0x4091    0x20  Code  Gb  putchar.o [2]
scalbln                      0x13a5          Code  Gb  ldexp.o [4]
scalblnl                     0x13a5          Code  Gb  ldexp.o [4]
scalbn                       0x13a5          Code  Gb  ldexp.o [4]
scalbnl                      0x13a5          Code  Gb  ldexp.o [4]
scale                        0x1025    0x46  Code  Lc  xprintffull_nomb.o [2]
sec_hand                0x2000'2ca4     0x4  Data  Lc  xfail_s.o [2]
strchr                       0x113d          Code  Gb  strchr.o [5]
strlen                       0x1195          Code  Gb  strlen.o [5]
thread_0                0x2000'287c    0xb8  Data  Gb  main.o [1]
thread_0_entry               0x338d    0x26  Code  Gb  main.o [1]
thread_1                0x2000'2934    0xb8  Data  Gb  main.o [1]
thread_1_entry               0x33b5    0x26  Code  Gb  main.o [1]
tx_application_define        0x32f3    0x9a  Code  Gb  main.o [1]


[1] = C:\Users\ga\OneDrive\UTFPR\10 semestre\Sistemas Embarcados\EmbeddedSystems-ELF74\Lab6\Debug\Obj\Source
[2] = dl7M_tln.a
[3] = driverlib.a
[4] = m7M_tls.a
[5] = rt7M_tl.a
[6] = shb_l.a
[7] = th7M_tln.a
[8] = tx.a

  16'112 bytes of readonly  code memory
     656 bytes of readonly  data memory
  77'228 bytes of readwrite data memory

Errors: none
Warnings: 1
