###############################################################################
#
# IAR ELF Linker V9.20.4.327/W64 for ARM                  22/Jun/2022  20:37:22
# Copyright 2007-2022 IAR Systems AB.
#
#    Output file  =
#        C:\Users\ga\OneDrive\UTFPR\10 semestre\Sistemas
#        Embarcados\EmbeddedSystems-ELF74\Lab6\Debug\Exe\Lab6.out
#    Map file     =
#        C:\Users\ga\OneDrive\UTFPR\10 semestre\Sistemas
#        Embarcados\EmbeddedSystems-ELF74\Lab6\Debug\List\Lab6.map
#    Command line =
#        -f "C:\Users\ga\OneDrive\UTFPR\10 semestre\Sistemas
#        Embarcados\EmbeddedSystems-ELF74\Lab6\Debug\Exe\Lab6.out.rsp"
#        ("C:\Users\ga\OneDrive\UTFPR\10 semestre\Sistemas
#        Embarcados\EmbeddedSystems-ELF74\Lab6\Debug\Obj\Source\cstartup_M.o"
#        "C:\Users\ga\OneDrive\UTFPR\10 semestre\Sistemas
#        Embarcados\EmbeddedSystems-ELF74\TivaWare\driverlib\ewarm\Exe\driverlib.a"
#        "C:\Users\ga\OneDrive\UTFPR\10 semestre\Sistemas
#        Embarcados\EmbeddedSystems-ELF74\Lab6\Debug\Obj\Source\main.o"
#        "C:\Users\ga\OneDrive\UTFPR\10 semestre\Sistemas
#        Embarcados\EmbeddedSystems-ELF74\threadx\ports\cortex_m4\iar\example_build\Debug\Exe\tx.a"
#        "C:\Users\ga\OneDrive\UTFPR\10 semestre\Sistemas
#        Embarcados\EmbeddedSystems-ELF74\Lab6\Debug\Obj\Source\tx_initialize_low_level.o"
#        --redirect _Printf=_PrintfFullNoMb --redirect _Scanf=_ScanfFullNoMb
#        --no_out_extension -o "C:\Users\ga\OneDrive\UTFPR\10 semestre\Sistemas
#        Embarcados\EmbeddedSystems-ELF74\Lab6\Debug\Exe\Lab6.out" --map
#        "C:\Users\ga\OneDrive\UTFPR\10 semestre\Sistemas
#        Embarcados\EmbeddedSystems-ELF74\Lab6\Debug\List\Lab6.map" --config
#        "C:\Program Files\IAR Systems\Embedded Workbench
#        9.0\arm\config\linker\TexasInstruments\TM4C1294NC.icf" --semihosting
#        --entry __iar_program_start --vfe --threaded_lib --text_out locale)
#
###############################################################################

*******************************************************************************
*** MESSAGES
***

Warning[Lt009]: Inconsistent wchar_t size
            gpio.o(driverlib.a) and 3 other objects in driverlib.a have wchar_t
                      size 16 bits
            main.o and 55 other objects, some of them in tx.a and 20 other
                      libraries have wchar_t size 32 bits


*******************************************************************************
*** RUNTIME MODEL ATTRIBUTES
***

CppFlavor       = *
__CPP_Runtime   = 1
__Heap_Handler  = Basic
__SystemLibrary = DLib
__dlib_version  = 6


*******************************************************************************
*** HEAP SELECTION
***

The basic heap was selected because some modules are built with
size limitations (and not runtime checking), and --advanced_heap
was not specified.


*******************************************************************************
*** PLACEMENT SUMMARY
***

"A0":  place at address 0x0 { ro section .intvec };
"P1":  place in [from 0x0 to 0xf'ffff] { ro };
define block CSTACK with size = 32K, alignment = 8 { };
define block HEAP with size = 64K, alignment = 8 { };
"P2":  place in [from 0x2000'0000 to 0x2003'ffff] {
          rw, block CSTACK, block HEAP };
initialize by copy { rw };

  Section            Kind         Address      Size  Object
  -------            ----         -------      ----  ------
"A0":                                          0x40
  .intvec            ro code          0x0      0x40  cstartup_M.o [1]
                                   - 0x40      0x40

"P1":                                        0x25b8
  .text              ro code         0x40     0x310  main.o [1]
  .text              ro code        0x350      0x4c  tx_initialize_kernel_enter.o [8]
  .text              ro code        0x39c      0x44  sysctl.o [3]
  .text              ro code        0x3e0     0x1cc  gpio.o [3]
  .text              ro code        0x5ac      0xcc  txe_mutex_create.o [8]
  .text              ro code        0x678      0xd8  txe_byte_pool_create.o [8]
  .text              ro code        0x750      0x98  txe_byte_allocate.o [8]
  .text              ro code        0x7e8     0x15c  txe_thread_create.o [8]
  .text              ro code        0x944      0x30  txe_block_release.o [8]
  .text              ro code        0x974      0x14  tx_time_get.o [8]
  .text              ro code        0x988      0x4c  txe_mutex_put.o [8]
  .text              ro code        0x9d4      0x7c  txe_mutex_get.o [8]
  .text              ro code        0xa50      0x74  tx_initialize_low_level.o [1]
  .text              ro code        0xac4      0x84  tx_initialize_high_level.o [8]
  .text              ro code        0xb48      0x50  xsyslock_mtx.o [7]
  .text              ro code        0xb98      0xa0  tx_thread_schedule.o [8]
  .text              ro code        0xc38      0x40  tx_thread_system_preempt_check.o [8]
  .text              ro code        0xc78      0x6c  tx_mutex_create.o [8]
  .text              ro code        0xce4      0x9c  tx_byte_pool_create.o [8]
  .text              ro code        0xd80      0xd8  tx_byte_allocate.o [8]
  .text              ro code        0xe58     0x158  tx_thread_create.o [8]
  .text              ro code        0xfb0      0x6c  tx_block_release.o [8]
  .text              ro code       0x101c     0x220  tx_mutex_put.o [8]
  .text              ro code       0x123c     0x118  tx_mutex_get.o [8]
  .text              ro code       0x1354      0xb8  tx_timer_interrupt.o [8]
  .text              ro code       0x140c      0x88  tx_thread_initialize.o [8]
  .text              ro code       0x1494      0xe0  tx_timer_initialize.o [8]
  .text              ro code       0x1574     0x114  tx_iar.o [8]
  .text              ro code       0x1688      0x66  ABImemset.o [5]
  .text              ro code       0x16ee      0x2a  copy_init3.o [5]
  .text              ro code       0x1718     0x124  tx_byte_pool_search.o [8]
  .text              ro code       0x183c     0x1c8  tx_thread_system_suspend.o [8]
  .text              ro code       0x1a04      0x44  tx_thread_stack_build.o [8]
  .text              ro code       0x1a48     0x144  tx_thread_system_resume.o [8]
  .text              ro code       0x1b8c      0xb0  tx_mutex_prioritize.o [8]
  .text              ro code       0x1c3c      0xf0  tx_mutex_priority_change.o [8]
  .text              ro code       0x1d2c      0x24  tx_timer_expiration_process.o [8]
  .text              ro code       0x1d50      0x68  tx_thread_time_slice.o [8]
  .text              ro code       0x1db8      0x3c  tlsinit.o [7]
  .text              ro code       0x1df4     0x124  heap0.o [2]
  .text              ro code       0x1f18      0xb4  tx_mutex_delete.o [8]
  .text              ro code       0x1fcc      0x64  tx_timer_system_activate.o [8]
  .text              ro code       0x2030      0x2e  tx_timer_system_deactivate.o [8]
  .text              ro code       0x2060      0xa6  ABImemcpy.o [5]
  .text              ro code       0x2108       0x6  ABImemclr.o [5]
  .text              ro code       0x2110      0x2c  xgetmemchunk.o [2]
  .text              ro code       0x213c     0x130  tx_timer_thread_entry.o [8]
  .text              ro code       0x226c      0xc8  tx_mutex_cleanup.o [8]
  .text              ro code       0x2334      0x88  tx_byte_pool_cleanup.o [8]
  .text              ro code       0x23bc      0x78  tx_thread_shell_entry.o [8]
  .text              ro code       0x2434      0x38  tx_thread_timeout.o [8]
  .text              ro code       0x246c      0x38  zero_init3.o [5]
  .text              ro code       0x24a4      0x28  data_init.o [5]
  .text              ro code       0x24cc      0x22  fpinit_M.o [4]
  .iar.init_table    const         0x24f0      0x24  - Linker created -
  .text              ro code       0x2514      0x1e  cmain.o [5]
  .text              ro code       0x2532       0x4  low_level_init.o [2]
  .text              ro code       0x2536       0x4  exit.o [2]
  .text              ro code       0x253c       0xe  cexit.o [5]
  .text              ro code       0x254c      0x14  exit.o [6]
  .text              ro code       0x2560      0x1c  cstartup_M.o [5]
  .rodata            const         0x257c      0x18  tx_iar.o [8]
  .rodata            const         0x2594      0x14  tx_timer_initialize.o [8]
  .rodata            const         0x25a8      0x10  main.o [1]
  .rodata            const         0x25b8      0x10  main.o [1]
  .rodata            const         0x25c8       0xc  main.o [1]
  .rodata            const         0x25d4       0xc  main.o [1]
  .rodata            const         0x25e0       0xc  main.o [1]
  .text              ro code       0x25ec       0x8  cstartup_M.o [1]
  Initializer bytes  const         0x25f4       0x4  <for P2-1>
  .text              ro code       0x25f8       0x0  cstartup_M.o [1]
  .text              ro code       0x25f8       0x0  cstart_clearlocks.o [5]
  .rodata            const         0x25f8       0x0  zero_init3.o [5]
  .rodata            const         0x25f8       0x0  copy_init3.o [5]
                                 - 0x25f8    0x25b8

"P2", part 1 of 3:                              0x4
  P2-1                        0x2000'0000       0x4  <Init block>
    .data            inited   0x2000'0000       0x4  tx_thread_initialize.o [8]
                            - 0x2000'0004       0x4

"P2", part 2 of 3:                           0x2d84
  .bss               zero     0x2000'0004    0x23a0  main.o [1]
  .bss               zero     0x2000'23a4     0x400  tx_timer_initialize.o [8]
  .bss               zero     0x2000'27a4      0xd0  tx_iar.o [8]
  .bss               zero     0x2000'2874      0xb8  tx_timer_initialize.o [8]
  .bss               zero     0x2000'292c      0xb4  main.o [1]
  .bss               zero     0x2000'29e0      0xb4  main.o [1]
  .bss               zero     0x2000'2a94      0xb4  main.o [1]
  .bss               zero     0x2000'2b48      0x80  tx_thread_initialize.o [8]
  .bss               zero     0x2000'2bc8      0x80  tx_timer_initialize.o [8]
  .bss               zero     0x2000'2c48      0x34  main.o [1]
  .bss               zero     0x2000'2c7c      0x34  main.o [1]
  .bss               zero     0x2000'2cb0      0x10  xsyslock_mtx.o [7]
  FREE_MEM           zero     0x2000'2cc0      0x10  tx_initialize_low_level.o [1]
  .bss               zero     0x2000'2cd0       0x8  heap0.o [2]
  .bss               zero     0x2000'2cd8       0x4  main.o [1]
  .bss               zero     0x2000'2cdc       0x4  main.o [1]
  .bss               zero     0x2000'2ce0       0x4  tx_thread_initialize.o [8]
  .bss               zero     0x2000'2ce4       0x4  tx_thread_initialize.o [8]
  .bss               zero     0x2000'2ce8       0x4  tx_thread_initialize.o [8]
  .bss               zero     0x2000'2cec       0x4  tx_thread_initialize.o [8]
  .bss               zero     0x2000'2cf0       0x4  tx_thread_initialize.o [8]
  .bss               zero     0x2000'2cf4       0x4  tx_thread_initialize.o [8]
  .bss               zero     0x2000'2cf8       0x4  tx_thread_initialize.o [8]
  .bss               zero     0x2000'2cfc       0x4  tx_thread_initialize.o [8]
  .bss               zero     0x2000'2d00       0x4  tx_thread_initialize.o [8]
  .bss               zero     0x2000'2d04       0x4  tx_thread_initialize.o [8]
  .bss               zero     0x2000'2d08       0x4  tx_thread_initialize.o [8]
  .bss               zero     0x2000'2d0c       0x4  tx_initialize_high_level.o [8]
  .bss               zero     0x2000'2d10       0x4  tx_initialize_high_level.o [8]
  .bss               zero     0x2000'2d14       0x4  tx_initialize_high_level.o [8]
  .bss               zero     0x2000'2d18       0x4  tx_initialize_high_level.o [8]
  .bss               zero     0x2000'2d1c       0x4  tx_initialize_high_level.o [8]
  .bss               zero     0x2000'2d20       0x4  tx_initialize_high_level.o [8]
  .bss               zero     0x2000'2d24       0x4  tx_initialize_high_level.o [8]
  .bss               zero     0x2000'2d28       0x4  tx_initialize_high_level.o [8]
  .bss               zero     0x2000'2d2c       0x4  tx_initialize_high_level.o [8]
  .bss               zero     0x2000'2d30       0x4  tx_initialize_high_level.o [8]
  .bss               zero     0x2000'2d34       0x4  tx_initialize_high_level.o [8]
  .bss               zero     0x2000'2d38       0x4  tx_initialize_high_level.o [8]
  .bss               zero     0x2000'2d3c       0x4  tx_initialize_high_level.o [8]
  .bss               zero     0x2000'2d40       0x4  tx_timer_initialize.o [8]
  .bss               zero     0x2000'2d44       0x4  tx_timer_initialize.o [8]
  .bss               zero     0x2000'2d48       0x4  tx_timer_initialize.o [8]
  .bss               zero     0x2000'2d4c       0x4  tx_timer_initialize.o [8]
  .bss               zero     0x2000'2d50       0x4  tx_timer_initialize.o [8]
  .bss               zero     0x2000'2d54       0x4  tx_timer_initialize.o [8]
  .bss               zero     0x2000'2d58       0x4  tx_timer_initialize.o [8]
  .bss               zero     0x2000'2d5c       0x4  tx_timer_initialize.o [8]
  .bss               zero     0x2000'2d60       0x4  tx_timer_initialize.o [8]
  .bss               zero     0x2000'2d64       0x4  tx_timer_initialize.o [8]
  .bss               zero     0x2000'2d68       0x4  tx_timer_initialize.o [8]
  .bss               zero     0x2000'2d6c       0x4  tx_timer_initialize.o [8]
  .bss               zero     0x2000'2d70       0x4  tx_timer_initialize.o [8]
  .bss               zero     0x2000'2d74       0x4  tx_iar.o [8]
  .bss               zero     0x2000'2d78       0x4  tx_iar.o [8]
  .bss               zero     0x2000'2d7c       0x4  tx_iar.o [8]
  .bss               zero     0x2000'2d80       0x4  tx_iar.o [8]
  .bss               zero     0x2000'2d84       0x4  xgetmemchunk.o [2]
                            - 0x2000'2d88    0x2d84

"P2", part 3 of 3:                         0x1'8000
  CSTACK                      0x2000'2d88    0x8000  <Block>
    CSTACK           uninit   0x2000'2d88    0x8000  <Block tail>
  HEAP                        0x2000'ad88  0x1'0000  <Block>
    HEAP             uninit   0x2000'ad88  0x1'0000  <Block tail>
                            - 0x2001'ad88  0x1'8000

Unused ranges:

         From           To      Size
         ----           --      ----
       0x25f8     0xf'ffff  0xf'da08
  0x2001'ad88  0x2003'ffff  0x2'5278


*******************************************************************************
*** INIT TABLE
***

          Address      Size
          -------      ----
Zero (__iar_zero_init3)
    1 destination range, total size 0x2d84:
          0x2000'0004  0x2d84

Copy (__iar_copy_init3)
    1 source range, total size 0x4:
               0x25f4     0x4
    1 destination range, total size 0x4:
          0x2000'0000     0x4



*******************************************************************************
*** MODULE SUMMARY
***

    Module                            ro code  ro data  rw data
    ------                            -------  -------  -------
command line/config:
    -----------------------------------------------------------
    Total:

C:\Users\ga\OneDrive\UTFPR\10 semestre\Sistemas Embarcados\EmbeddedSystems-ELF74\Lab6\Debug\Obj\Source: [1]
    cstartup_M.o                           72
    main.o                                784       68    9'772
    tx_initialize_low_level.o             116                16
    -----------------------------------------------------------
    Total:                                972       68    9'788

dl7M_tln.a: [2]
    exit.o                                  4
    heap0.o                               292                 8
    low_level_init.o                        4
    xgetmemchunk.o                         44                 4
    -----------------------------------------------------------
    Total:                                344                12

driverlib.a: [3]
    gpio.o                                460
    sysctl.o                               68
    -----------------------------------------------------------
    Total:                                528

m7M_tls.a: [4]
    fpinit_M.o                             34
    -----------------------------------------------------------
    Total:                                 34

rt7M_tl.a: [5]
    ABImemclr.o                             6
    ABImemcpy.o                           166
    ABImemset.o                           102
    cexit.o                                14
    cmain.o                                30
    copy_init3.o                           42
    cstart_clearlocks.o
    cstartup_M.o                           28
    data_init.o                            40
    zero_init3.o                           56
    -----------------------------------------------------------
    Total:                                484

shb_l.a: [6]
    exit.o                                 20
    -----------------------------------------------------------
    Total:                                 20

th7M_tln.a: [7]
    tlsinit.o                              60
    xsyslock_mtx.o                         80                16
    -----------------------------------------------------------
    Total:                                140                16

tx.a: [8]
    tx_block_release.o                    108
    tx_byte_allocate.o                    216
    tx_byte_pool_cleanup.o                136
    tx_byte_pool_create.o                 156
    tx_byte_pool_search.o                 292
    tx_iar.o                              276       24      224
    tx_initialize_high_level.o            132                52
    tx_initialize_kernel_enter.o           76
    tx_mutex_cleanup.o                    200
    tx_mutex_create.o                     108
    tx_mutex_delete.o                     180
    tx_mutex_get.o                        280
    tx_mutex_prioritize.o                 176
    tx_mutex_priority_change.o            240
    tx_mutex_put.o                        544
    tx_thread_create.o                    344
    tx_thread_initialize.o                136        4      176
    tx_thread_schedule.o                  160
    tx_thread_shell_entry.o               120
    tx_thread_stack_build.o                68
    tx_thread_system_preempt_check.o       64
    tx_thread_system_resume.o             324
    tx_thread_system_suspend.o            456
    tx_thread_time_slice.o                104
    tx_thread_timeout.o                    56
    tx_time_get.o                          20
    tx_timer_expiration_process.o          36
    tx_timer_initialize.o                 224       20    1'388
    tx_timer_interrupt.o                  184
    tx_timer_system_activate.o            100
    tx_timer_system_deactivate.o           46
    tx_timer_thread_entry.o               304
    txe_block_release.o                    48
    txe_byte_allocate.o                   152
    txe_byte_pool_create.o                216
    txe_mutex_create.o                    204
    txe_mutex_get.o                       124
    txe_mutex_put.o                        76
    txe_thread_create.o                   348
    -----------------------------------------------------------
    Total:                              7'034       48    1'840

    Gaps                                   10        2
    Linker created                                  36   98'304
---------------------------------------------------------------
    Grand Total:                        9'566      154  109'960


*******************************************************************************
*** ENTRY LIST
***

Entry                       Address    Size  Type      Object
-----                       -------    ----  ----      ------
.iar.init_table$$Base        0x24f0           --   Gb  - Linker created -
.iar.init_table$$Limit       0x2514           --   Gb  - Linker created -
?main                        0x2515          Code  Gb  cmain.o [5]
Aldata                  0x2000'2cd0     0x8  Data  Lc  heap0.o [2]
CSTACK$$Base            0x2000'2d88           --   Gb  - Linker created -
CSTACK$$Limit           0x2000'ad88           --   Gb  - Linker created -
GPIODirModeSet                0x3e1    0x28  Code  Gb  gpio.o [3]
GPIOPadConfigSet              0x409   0x174  Code  Gb  gpio.o [3]
GPIOPinTypeGPIOOutput         0x583     0xa  Code  Gb  gpio.o [3]
GPIOPinWrite                  0x57d     0x6  Code  Gb  gpio.o [3]
HEAP$$Base              0x2000'ad88           --   Gb  - Linker created -
HEAP$$Limit             0x2001'ad88           --   Gb  - Linker created -
PendSV_Handler                0xbb9          Code  Gb  tx_thread_schedule.o [8]
Region$$Table$$Base          0x24f0           --   Gb  - Linker created -
Region$$Table$$Limit         0x2514           --   Gb  - Linker created -
SysCtlPeripheralEnable        0x3bd     0x8  Code  Gb  sysctl.o [3]
SysCtlPeripheralReady         0x39d     0x8  Code  Gb  sysctl.o [3]
SysTick_Handler               0xa97          Code  Gb  tx_initialize_low_level.o [1]
__aeabi_memclr               0x2109          Code  Gb  ABImemclr.o [5]
__aeabi_memcpy               0x2061          Code  Gb  ABImemcpy.o [5]
__aeabi_memcpy4              0x2081          Code  Gb  ABImemcpy.o [5]
__aeabi_memcpy8              0x2081          Code  Gb  ABImemcpy.o [5]
__aeabi_memset               0x1689          Code  Gb  ABImemset.o [5]
__basic_free_intern          0x1ea1    0x74  Code  Lc  heap0.o [2]
__basic_malloc               0x1df5    0x18  Code  Gb  heap0.o [2]
__basic_malloc_intern        0x1e0d    0x94  Code  Lc  heap0.o [2]
__cexit_clearlocks           0x253f          Code  Gb  cexit.o [5]
__cmain                      0x2515          Code  Gb  cmain.o [5]
__cstart_clearlocks          0x25f8          Data  Gb  cstart_clearlocks.o [5]
__data_GetMemChunk           0x2111    0x2c  Code  Gb  xgetmemchunk.o [2]
__data_GetMemChunk::start
                        0x2000'2d84     0x4  Data  Lc  xgetmemchunk.o [2]
__exit                       0x254d    0x14  Code  Gb  exit.o [6]
__iar_Initlocks               0xb7f    0x16  Code  Gb  xsyslock_mtx.o [7]
__iar_Locksyslock_Malloc
                              0xb49     0x6  Code  Gb  xsyslock_mtx.o [7]
__iar_Memset                 0x1689          Code  Gb  ABImemset.o [5]
__iar_Memset_word            0x1691          Code  Gb  ABImemset.o [5]
__iar_Unlocksyslock_Malloc
                              0xb4f     0x6  Code  Gb  xsyslock_mtx.o [7]
__iar_clearlocks              0xb55    0x2a  Code  Gb  xsyslock_mtx.o [7]
__iar_copy_init3             0x16ef    0x2a  Code  Gb  copy_init3.o [5]
__iar_data_init3             0x24a5    0x28  Code  Gb  data_init.o [5]
__iar_init_vfp               0x24cd          Code  Gb  fpinit_M.o [4]
__iar_program_start          0x2561          Code  Gb  cstartup_M.o [5]
__iar_system_Mtxdst          0x15ef     0xa  Code  Gb  tx_iar.o [8]
__iar_system_Mtxinit         0x158b    0x64  Code  Gb  tx_iar.o [8]
__iar_system_Mtxlock         0x15f9    0x3a  Code  Gb  tx_iar.o [8]
__iar_system_Mtxunlock       0x1633    0x36  Code  Gb  tx_iar.o [8]
__iar_tls$$DATA$$Length
                                0x0           --   Gb  - Linker created -
__iar_tls$$INIT_DATA$$Base
                                0x0           --   Gb  - Linker created -
__iar_tls$$INIT_DATA$$Length
                                0x0           --   Gb  - Linker created -
__iar_tls_init               0x1dd5     0xc  Code  Gb  tlsinit.o [7]
__iar_tls_init_no_ctors
                             0x1db9    0x1c  Code  Gb  tlsinit.o [7]
__iar_tls_size               0x1de1     0x4  Code  Gb  tlsinit.o [7]
__iar_zero_init3             0x246d    0x38  Code  Gb  zero_init3.o [5]
__low_level_init             0x2533     0x4  Code  Gb  low_level_init.o [2]
__tx_PendSVHandler            0xbb9          Code  Gb  tx_thread_schedule.o [8]
__tx_SysTickHandler           0xa97          Code  Gb  tx_initialize_low_level.o [1]
__tx_free_memory_start  0x2000'2cc0          Data  Gb  tx_initialize_low_level.o [1]
__tx_iar_system_lock_internal_errors
                        0x2000'2d7c     0x4  Data  Gb  tx_iar.o [8]
__tx_iar_system_lock_isr_caller
                        0x2000'2d80     0x4  Data  Gb  tx_iar.o [8]
__tx_iar_system_lock_mutexes
                        0x2000'27a4    0xd0  Data  Lc  tx_iar.o [8]
__tx_iar_system_lock_next_free_mutex
                        0x2000'2d74     0x4  Data  Lc  tx_iar.o [8]
__tx_iar_system_lock_no_mutexes
                        0x2000'2d78     0x4  Data  Gb  tx_iar.o [8]
__vector_table                  0x0          Data  Gb  cstartup_M.o [1]
_call_main                   0x2521          Code  Gb  cmain.o [5]
_exit                        0x253d          Code  Gb  cexit.o [5]
_tx_block_pool_created_count
                        0x2000'2d30     0x4  Data  Gb  tx_initialize_high_level.o [8]
_tx_block_pool_created_ptr
                        0x2000'2d2c     0x4  Data  Gb  tx_initialize_high_level.o [8]
_tx_block_release             0xfb1    0x6c  Code  Gb  tx_block_release.o [8]
_tx_build_options       0x2000'2d08     0x4  Data  Gb  tx_thread_initialize.o [8]
_tx_byte_allocate             0xd81    0xd8  Code  Gb  tx_byte_allocate.o [8]
_tx_byte_pool_cleanup        0x2335    0x88  Code  Gb  tx_byte_pool_cleanup.o [8]
_tx_byte_pool_create          0xce5    0x9c  Code  Gb  tx_byte_pool_create.o [8]
_tx_byte_pool_created_count
                        0x2000'2d38     0x4  Data  Gb  tx_initialize_high_level.o [8]
_tx_byte_pool_created_ptr
                        0x2000'2d34     0x4  Data  Gb  tx_initialize_high_level.o [8]
_tx_byte_pool_search         0x1719   0x124  Code  Gb  tx_byte_pool_search.o [8]
_tx_event_flags_created_count
                        0x2000'2d20     0x4  Data  Gb  tx_initialize_high_level.o [8]
_tx_event_flags_created_ptr
                        0x2000'2d1c     0x4  Data  Gb  tx_initialize_high_level.o [8]
_tx_iar_create_per_thread_tls_area
                             0x1575    0x16  Code  Gb  tx_iar.o [8]
_tx_initialize_high_level
                              0xac5    0x84  Code  Gb  tx_initialize_high_level.o [8]
_tx_initialize_kernel_enter
                              0x351    0x4c  Code  Gb  tx_initialize_kernel_enter.o [8]
_tx_initialize_low_level
                              0xa51          Code  Gb  tx_initialize_low_level.o [1]
_tx_initialize_unused_memory
                        0x2000'2d3c     0x4  Data  Gb  tx_initialize_high_level.o [8]
_tx_mutex_cleanup            0x226d    0x7a  Code  Gb  tx_mutex_cleanup.o [8]
_tx_mutex_create              0xc79    0x6c  Code  Gb  tx_mutex_create.o [8]
_tx_mutex_created_count
                        0x2000'2d28     0x4  Data  Gb  tx_initialize_high_level.o [8]
_tx_mutex_created_ptr   0x2000'2d24     0x4  Data  Gb  tx_initialize_high_level.o [8]
_tx_mutex_delete             0x1f19    0xb4  Code  Gb  tx_mutex_delete.o [8]
_tx_mutex_get                0x123d   0x118  Code  Gb  tx_mutex_get.o [8]
_tx_mutex_prioritize         0x1b8d    0xb0  Code  Gb  tx_mutex_prioritize.o [8]
_tx_mutex_priority_change
                             0x1c3d    0xf0  Code  Gb  tx_mutex_priority_change.o [8]
_tx_mutex_put                0x101d   0x220  Code  Gb  tx_mutex_put.o [8]
_tx_mutex_thread_release
                             0x22e9    0x40  Code  Gb  tx_mutex_cleanup.o [8]
_tx_queue_created_count
                        0x2000'2d18     0x4  Data  Gb  tx_initialize_high_level.o [8]
_tx_queue_created_ptr   0x2000'2d14     0x4  Data  Gb  tx_initialize_high_level.o [8]
_tx_semaphore_created_count
                        0x2000'2d10     0x4  Data  Gb  tx_initialize_high_level.o [8]
_tx_semaphore_created_ptr
                        0x2000'2d0c     0x4  Data  Gb  tx_initialize_high_level.o [8]
_tx_thread_create             0xe59   0x158  Code  Gb  tx_thread_create.o [8]
_tx_thread_created_count
                        0x2000'2cf0     0x4  Data  Gb  tx_thread_initialize.o [8]
_tx_thread_created_ptr  0x2000'2cec     0x4  Data  Gb  tx_thread_initialize.o [8]
_tx_thread_current_ptr  0x2000'2ce4     0x4  Data  Gb  tx_thread_initialize.o [8]
_tx_thread_execute_ptr  0x2000'2ce8     0x4  Data  Gb  tx_thread_initialize.o [8]
_tx_thread_highest_priority
                        0x2000'2cfc     0x4  Data  Gb  tx_thread_initialize.o [8]
_tx_thread_initialize        0x140d    0x88  Code  Gb  tx_thread_initialize.o [8]
_tx_thread_mutex_release
                        0x2000'2d04     0x4  Data  Gb  tx_thread_initialize.o [8]
_tx_thread_preempt_disable
                        0x2000'2d00     0x4  Data  Gb  tx_thread_initialize.o [8]
_tx_thread_preempted_maps
                        0x2000'2cf8     0x4  Data  Gb  tx_thread_initialize.o [8]
_tx_thread_priority_list
                        0x2000'2b48    0x80  Data  Gb  tx_thread_initialize.o [8]
_tx_thread_priority_maps
                        0x2000'2cf4     0x4  Data  Gb  tx_thread_initialize.o [8]
_tx_thread_schedule           0xb99          Code  Gb  tx_thread_schedule.o [8]
_tx_thread_shell_entry       0x23bd    0x78  Code  Gb  tx_thread_shell_entry.o [8]
_tx_thread_stack_build       0x1a05          Code  Gb  tx_thread_stack_build.o [8]
_tx_thread_system_preempt_check
                              0xc39    0x40  Code  Gb  tx_thread_system_preempt_check.o [8]
_tx_thread_system_resume
                             0x1a49   0x144  Code  Gb  tx_thread_system_resume.o [8]
_tx_thread_system_stack_ptr
                        0x2000'2ce0     0x4  Data  Gb  tx_thread_initialize.o [8]
_tx_thread_system_state
                        0x2000'0000     0x4  Data  Gb  tx_thread_initialize.o [8]
_tx_thread_system_suspend
                             0x183d   0x1c8  Code  Gb  tx_thread_system_suspend.o [8]
_tx_thread_time_slice        0x1d51    0x68  Code  Gb  tx_thread_time_slice.o [8]
_tx_thread_timeout           0x2435    0x38  Code  Gb  tx_thread_timeout.o [8]
_tx_time_get                  0x975    0x14  Code  Gb  tx_time_get.o [8]
_tx_timer_created_count
                        0x2000'2d5c     0x4  Data  Gb  tx_timer_initialize.o [8]
_tx_timer_created_ptr   0x2000'2d58     0x4  Data  Gb  tx_timer_initialize.o [8]
_tx_timer_current_ptr   0x2000'2d50     0x4  Data  Gb  tx_timer_initialize.o [8]
_tx_timer_expiration_process
                             0x1d2d    0x24  Code  Gb  tx_timer_expiration_process.o [8]
_tx_timer_expired       0x2000'2d54     0x4  Data  Gb  tx_timer_initialize.o [8]
_tx_timer_expired_time_slice
                        0x2000'2d44     0x4  Data  Gb  tx_timer_initialize.o [8]
_tx_timer_expired_timer_ptr
                        0x2000'2d60     0x4  Data  Gb  tx_timer_initialize.o [8]
_tx_timer_initialize         0x1495    0xe0  Code  Gb  tx_timer_initialize.o [8]
_tx_timer_interrupt          0x1355          Code  Gb  tx_timer_interrupt.o [8]
_tx_timer_list          0x2000'2bc8    0x80  Data  Gb  tx_timer_initialize.o [8]
_tx_timer_list_end      0x2000'2d4c     0x4  Data  Gb  tx_timer_initialize.o [8]
_tx_timer_list_start    0x2000'2d48     0x4  Data  Gb  tx_timer_initialize.o [8]
_tx_timer_priority      0x2000'2d6c     0x4  Data  Gb  tx_timer_initialize.o [8]
_tx_timer_stack_size    0x2000'2d68     0x4  Data  Gb  tx_timer_initialize.o [8]
_tx_timer_stack_start   0x2000'2d64     0x4  Data  Gb  tx_timer_initialize.o [8]
_tx_timer_system_activate
                             0x1fcd    0x64  Code  Gb  tx_timer_system_activate.o [8]
_tx_timer_system_clock  0x2000'2d40     0x4  Data  Gb  tx_timer_initialize.o [8]
_tx_timer_system_deactivate
                             0x2031    0x2e  Code  Gb  tx_timer_system_deactivate.o [8]
_tx_timer_thread        0x2000'2874    0xb8  Data  Gb  tx_timer_initialize.o [8]
_tx_timer_thread_entry       0x213d   0x130  Code  Gb  tx_timer_thread_entry.o [8]
_tx_timer_thread_stack_area
                        0x2000'23a4   0x400  Data  Gb  tx_timer_initialize.o [8]
_tx_timer_time_slice    0x2000'2d70     0x4  Data  Gb  tx_timer_initialize.o [8]
_txe_block_release            0x945    0x30  Code  Gb  txe_block_release.o [8]
_txe_byte_allocate            0x751    0x98  Code  Gb  txe_byte_allocate.o [8]
_txe_byte_pool_create         0x679    0xd8  Code  Gb  txe_byte_pool_create.o [8]
_txe_mutex_create             0x5ad    0xcc  Code  Gb  txe_mutex_create.o [8]
_txe_mutex_get                0x9d5    0x7c  Code  Gb  txe_mutex_get.o [8]
_txe_mutex_put                0x989    0x4c  Code  Gb  txe_mutex_put.o [8]
_txe_thread_create            0x7e9   0x15c  Code  Gb  txe_thread_create.o [8]
byte_pool               0x2000'2c7c    0x34  Data  Gb  main.o [1]
byte_pool_memory        0x2000'0004  0x23a0  Data  Gb  main.o [1]
exit                         0x2537     0x4  Code  Gb  exit.o [2]
led_setup                      0x4f    0x42  Code  Gb  main.o [1]
main                           0x41     0xe  Code  Gb  main.o [1]
mtx                     0x2000'2cb0    0x10  Data  Lc  xsyslock_mtx.o [7]
my_mutex                0x2000'2c48    0x34  Data  Gb  main.o [1]
status                  0x2000'2cdc     0x4  Data  Gb  main.o [1]
thread1                 0x2000'292c    0xb4  Data  Gb  main.o [1]
thread2                 0x2000'29e0    0xb4  Data  Gb  main.o [1]
thread3                 0x2000'2a94    0xb4  Data  Gb  main.o [1]
thread_led_1                  0x185    0x8e  Code  Gb  main.o [1]
thread_led_2                  0x215    0x62  Code  Gb  main.o [1]
thread_led_3                  0x279    0x8e  Code  Gb  main.o [1]
thread_shared_counter   0x2000'2cd8     0x4  Data  Gb  main.o [1]
tx_application_define          0x91    0xf2  Code  Gb  main.o [1]


[1] = C:\Users\ga\OneDrive\UTFPR\10 semestre\Sistemas Embarcados\EmbeddedSystems-ELF74\Lab6\Debug\Obj\Source
[2] = dl7M_tln.a
[3] = driverlib.a
[4] = m7M_tls.a
[5] = rt7M_tl.a
[6] = shb_l.a
[7] = th7M_tln.a
[8] = tx.a

    9'566 bytes of readonly  code memory
      154 bytes of readonly  data memory
  109'960 bytes of readwrite data memory

Errors: none
Warnings: 1
