###############################################################################
#
# IAR ELF Linker V9.20.4.327/W64 for ARM                  22/Jun/2022  20:03:08
# Copyright 2007-2022 IAR Systems AB.
#
#    Output file  =
#        C:\Users\ga\OneDrive\UTFPR\10 semestre\Sistemas
#        Embarcados\EmbeddedSystems-ELF74\Lab3\Debug\Exe\Lab3.out
#    Map file     =
#        C:\Users\ga\OneDrive\UTFPR\10 semestre\Sistemas
#        Embarcados\EmbeddedSystems-ELF74\Lab3\Debug\List\Lab3.map
#    Command line =
#        -f "C:\Users\ga\OneDrive\UTFPR\10 semestre\Sistemas
#        Embarcados\EmbeddedSystems-ELF74\Lab3\Debug\Exe\Lab3.out.rsp"
#        ("C:\Users\ga\OneDrive\UTFPR\10 semestre\Sistemas
#        Embarcados\EmbeddedSystems-ELF74\TivaWare\driverlib\ewarm\Exe\driverlib.a"
#        "C:\Users\ga\OneDrive\UTFPR\10 semestre\Sistemas
#        Embarcados\EmbeddedSystems-ELF74\Lab3\Debug\Obj\Source\histogram.o"
#        "C:\Users\ga\OneDrive\UTFPR\10 semestre\Sistemas
#        Embarcados\EmbeddedSystems-ELF74\Lab3\Debug\Obj\Source\main.o"
#        --redirect _Printf=_PrintfFullNoMb --redirect _Scanf=_ScanfFullNoMb
#        --no_out_extension -o "C:\Users\ga\OneDrive\UTFPR\10 semestre\Sistemas
#        Embarcados\EmbeddedSystems-ELF74\Lab3\Debug\Exe\Lab3.out" --map
#        "C:\Users\ga\OneDrive\UTFPR\10 semestre\Sistemas
#        Embarcados\EmbeddedSystems-ELF74\Lab3\Debug\List\Lab3.map" --config
#        "C:\Program Files\IAR Systems\Embedded Workbench
#        9.0\arm\config\linker\TexasInstruments\TM4C1294NC.icf" --semihosting
#        --entry __iar_program_start --redirect __write=__write_buffered --vfe
#        --text_out locale)
#
###############################################################################

*******************************************************************************
*** RUNTIME MODEL ATTRIBUTES
***

CppFlavor       = *
__CPP_Runtime   = 1
__Heap_Handler  = Basic
__SystemLibrary = DLib
__dlib_version  = 6


*******************************************************************************
*** HEAP SELECTION
***

The basic heap was selected because some modules are built with
size limitations (and not runtime checking), and --advanced_heap
was not specified.


*******************************************************************************
*** PLACEMENT SUMMARY
***

"A0":  place at address 0x0 { ro section .intvec };
"P1":  place in [from 0x0 to 0xf'ffff] { ro };
define block CSTACK with size = 32K, alignment = 8 { };
define block HEAP with size = 64K, alignment = 8 { };
"P2":  place in [from 0x2000'0000 to 0x2003'ffff] {
          rw, block CSTACK, block HEAP };
initialize by copy { rw };

  Section            Kind         Address      Size  Object
  -------            ----         -------      ----  ------
"A0":                                          0x40
  .intvec            ro code          0x0      0x40  vector_table_M.o [4]
                                   - 0x40      0x40

"P1":                                        0x7526
  .rodata            const           0x40    0x4b00  main.o [1]
  .text              ro code       0x4b40     0xf2e  xprintffull_nomb.o [2]
  .rodata            const         0x5a6e       0x2  xlocale_c.o [2]
  .text              ro code       0x5a70      0x16  strchr.o [4]
  .text              ro code       0x5a86       0x2  vectortrap_M.o [4]
  .text              ro code       0x5a88      0x40  xfail_s.o [2]
  .text              ro code       0x5ac8      0x36  strlen.o [4]
  .rodata            const         0x5afe       0x1  xlocale_c.o [2]
  .text              ro code       0x5b00      0x58  memchr.o [4]
  .text              ro code       0x5b58      0xa6  ABImemcpy.o [4]
  .text              ro code       0x5c00      0x70  frexp.o [3]
  .text              ro code       0x5c70      0x34  DblCmpLe.o [3]
  .text              ro code       0x5ca4      0x34  DblCmpGe.o [3]
  .text              ro code       0x5cd8     0x13a  ldexp.o [3]
  .text              ro code       0x5e14      0x36  DblToS32.o [3]
  .text              ro code       0x5e4c      0x22  S32ToDbl.o [3]
  .text              ro code       0x5e70     0x24e  DblAddSub.o [3]
  .text              ro code       0x60c0     0x246  DblDiv.o [3]
  .text              ro code       0x6308      0x22  DblToU32.o [3]
  .text              ro code       0x632c      0x1c  U32ToDbl.o [3]
  .text              ro code       0x6348     0x1aa  DblMul.o [3]
  .text              ro code       0x64f4       0x8  xlocale_c.o [2]
  .text              ro code       0x64fc     0x230  I64DivMod.o [4]
  .text              ro code       0x672c       0x6  abort.o [2]
  .text              ro code       0x6734       0x2  I64DivZer.o [4]
  .text              ro code       0x6738      0x14  exit.o [5]
  .text              ro code       0x674c      0x7c  iarttio.o [5]
  .text              ro code       0x67c8       0x8  XShttio.o [2]
  .text              ro code       0x67d0     0x13c  heap0.o [2]
  .text              ro code       0x690c      0x2c  xgetmemchunk.o [2]
  .text              ro code       0x6938     0x110  XShHandles.o [2]
  .text              ro code       0x6a48      0xf8  xfoprep.o [2]
  .text              ro code       0x6b40      0x7e  fclose.o [2]
  .text              ro code       0x6bc0      0x4c  xfopen.o [2]
  .text              ro code       0x6c0c      0xd0  xfofind.o [2]
  .text              ro code       0x6cdc      0xac  fflush.o [2]
  .text              ro code       0x6d88       0x4  heaptramp0.o [2]
  .text              ro code       0x6d8c      0x18  close.o [5]
  .text              ro code       0x6da4      0x14  remove.o [5]
  .text              ro code       0x6db8      0x46  open.o [5]
  .text              ro code       0x6e00      0xc4  xxwritebuffered.o [2]
  .text              ro code       0x6ec4      0x1e  dwrite.o [5]
  .text              ro code       0x6ee2      0x20  iarwstd.o [5]
  .text              ro code       0x6f02      0x22  iarwrite.o [5]
  .text              ro code       0x6f24      0xd8  xfspos.o [2]
  .text              ro code       0x6ffc       0xc  xfgpos.o [2]
  .text              ro code       0x7008      0x4e  lseek.o [5]
  .text              ro code       0x7056      0xb4  xfwprep.o [2]
  .text              ro code       0x710a      0x24  fseek.o [2]
  .text              ro code       0x712e      0x78  lz77_init_single.o [4]
  .text              ro code       0x71a8      0x74  main.o [1]
  .text              ro code       0x721c      0x6e  histogram.o [1]
  .text              ro code       0x728a      0x2a  fopen.o [2]
  .text              ro code       0x72b4      0x3c  fprintf.o [2]
  .text              ro code       0x72f0      0x54  fputc.o [2]
  .rodata            const         0x7344      0x48  xfoprep.o [2]
  .text              ro code       0x738c      0x40  xcloseall.o [2]
  .text              ro code       0x73cc      0x38  zero_init3.o [4]
  .text              ro code       0x7404      0x28  data_init.o [4]
  .text              ro code       0x742c      0x22  fpinit_M.o [3]
  .iar.init_table    const         0x7450      0x20  - Linker created -
  .text              ro code       0x7470      0x1e  cmain.o [4]
  .text              ro code       0x748e       0x4  low_level_init.o [2]
  .text              ro code       0x7492       0x4  exit.o [2]
  .text              ro code       0x7498       0xe  cexit.o [4]
  .text              ro code       0x74a8      0x1c  cstartup_M.o [4]
  .text              ro code       0x74c4      0x18  xfprout.o [2]
  .rodata            const         0x74dc      0x10  main.o [1]
  .rodata            const         0x74ec       0xc  main.o [1]
  .rodata            const         0x74f8       0x8  main.o [1]
  .rodata            const         0x7500       0x4  main.o [1]
  .text              ro code       0x7504       0x0  cstart_closeall.o [4]
  .rodata            const         0x7504       0x0  zero_init3.o [4]
  .rodata            const         0x7504       0x0  lz77_init_single.o [4]
  Initializer bytes  const         0x7504      0x62  <for P2-1>
                                 - 0x7566    0x7526

"P2", part 1 of 3:                            0x138
  P2-1                        0x2000'0000     0x138  <Init block>
    .data            inited   0x2000'0000      0x48  xfiles.o [2]
    .data            inited   0x2000'0048      0x48  xfiles.o [2]
    .data            inited   0x2000'0090      0x48  xfiles.o [2]
    .data            inited   0x2000'00d8      0x20  xfiles.o [2]
    .data            inited   0x2000'00f8      0x38  xlocale_c.o [2]
    .data            inited   0x2000'0130       0x8  XShttio.o [2]
                            - 0x2000'0138     0x138

"P2", part 2 of 3:                            0x184
  .bss               zero     0x2000'0138      0x80  XShHandles.o [2]
  .bss               zero     0x2000'01b8      0x54  xxwritebuffered.o [2]
  .bss               zero     0x2000'020c      0x50  xfiles.o [2]
  .bss               zero     0x2000'025c      0x50  xfiles.o [2]
  .bss               zero     0x2000'02ac       0x8  heap0.o [2]
  .bss               zero     0x2000'02b4       0x4  xfail_s.o [2]
  .bss               zero     0x2000'02b8       0x4  xgetmemchunk.o [2]
                            - 0x2000'02bc     0x184

"P2", part 3 of 3:                         0x1'8000
  CSTACK                      0x2000'02c0    0x8000  <Block>
    CSTACK           uninit   0x2000'02c0    0x8000  <Block tail>
  HEAP                        0x2000'82c0  0x1'0000  <Block>
    HEAP             uninit   0x2000'82c0  0x1'0000  <Block tail>
                            - 0x2001'82c0  0x1'8000

Unused ranges:

         From           To      Size
         ----           --      ----
       0x7566     0xf'ffff  0xf'8a9a
  0x2000'02bc  0x2000'02bf       0x4
  0x2001'82c0  0x2003'ffff  0x2'7d40


*******************************************************************************
*** INIT TABLE
***

          Address      Size
          -------      ----
Zero (__iar_zero_init3)
    1 destination range, total size 0x184:
          0x2000'0138  0x184

Copy/lz77 (__iar_lz77_init_single3)
    1 source range, total size 0x62 (31% of destination):
               0x7504   0x62
    1 destination range, total size 0x138:
          0x2000'0000  0x138



*******************************************************************************
*** MODULE SUMMARY
***

    Module              ro code  ro data  rw data
    ------              -------  -------  -------
command line/config:
    ---------------------------------------------
    Total:

C:\Users\ga\OneDrive\UTFPR\10 semestre\Sistemas Embarcados\EmbeddedSystems-ELF74\Lab3\Debug\Obj\Source: [1]
    histogram.o             110
    main.o                  116   19'240
    ---------------------------------------------
    Total:                  226   19'240

dl7M_tlf.a: [2]
    XShHandles.o            272               128
    XShttio.o                 8        3        8
    abort.o                   6
    exit.o                    4
    fclose.o                126
    fflush.o                172
    fopen.o                  42
    fprintf.o                60
    fputc.o                  84
    fseek.o                  36
    heap0.o                 316                 8
    heaptramp0.o              4
    low_level_init.o          4
    xcloseall.o              64
    xfail_s.o                64                 4
    xfgpos.o                 12
    xfiles.o                          77      408
    xfofind.o               208
    xfopen.o                 76
    xfoprep.o               248       72
    xfprout.o                24
    xfspos.o                216
    xfwprep.o               180
    xgetmemchunk.o           44                 4
    xlocale_c.o               8       21       56
    xprintffull_nomb.o    3'886
    xxwritebuffered.o       196                84
    ---------------------------------------------
    Total:                6'360      173      700

m7M_tls.a: [3]
    DblAddSub.o             590
    DblCmpGe.o               52
    DblCmpLe.o               52
    DblDiv.o                582
    DblMul.o                426
    DblToS32.o               54
    DblToU32.o               34
    S32ToDbl.o               34
    U32ToDbl.o               28
    fpinit_M.o               34
    frexp.o                 112
    ldexp.o                 314
    ---------------------------------------------
    Total:                2'312

rt7M_tl.a: [4]
    ABImemcpy.o             166
    I64DivMod.o             560
    I64DivZer.o               2
    cexit.o                  14
    cmain.o                  30
    cstart_closeall.o
    cstartup_M.o             28
    data_init.o              40
    lz77_init_single.o      120
    memchr.o                 88
    strchr.o                 22
    strlen.o                 54
    vector_table_M.o         64
    vectortrap_M.o            2
    zero_init3.o             56
    ---------------------------------------------
    Total:                1'246

shb_l.a: [5]
    close.o                  24
    dwrite.o                 30
    exit.o                   20
    iarttio.o               124
    iarwrite.o               34
    iarwstd.o                32
    lseek.o                  78
    open.o                   70
    remove.o                 20
    ---------------------------------------------
    Total:                  432

    Gaps                     31        2
    Linker created                    32   98'304
-------------------------------------------------
    Grand Total:         10'607   19'447   99'004


*******************************************************************************
*** ENTRY LIST
***

Entry                       Address    Size  Type      Object
-----                       -------    ----  ----      ------
.iar.init_table$$Base        0x7450           --   Gb  - Linker created -
.iar.init_table$$Limit       0x7470           --   Gb  - Linker created -
?main                        0x7471          Code  Gb  cmain.o [4]
Aldata                  0x2000'02ac     0x8  Data  Lc  heap0.o [2]
BusFault_Handler             0x5a87          Code  Wk  vectortrap_M.o [4]
CSTACK$$Base            0x2000'02c0           --   Gb  - Linker created -
CSTACK$$Limit           0x2000'82c0           --   Gb  - Linker created -
DebugMon_Handler             0x5a87          Code  Wk  vectortrap_M.o [4]
EightBitHistogram            0x721d          Code  Gb  histogram.o [1]
HEAP$$Base              0x2000'82c0           --   Gb  - Linker created -
HEAP$$Limit             0x2001'82c0           --   Gb  - Linker created -
HardFault_Handler            0x5a87          Code  Wk  vectortrap_M.o [4]
MemManage_Handler            0x5a87          Code  Wk  vectortrap_M.o [4]
NMI_Handler                  0x5a87          Code  Wk  vectortrap_M.o [4]
PendSV_Handler               0x5a87          Code  Wk  vectortrap_M.o [4]
Region$$Table$$Base          0x7450           --   Gb  - Linker created -
Region$$Table$$Limit         0x7470           --   Gb  - Linker created -
SVC_Handler                  0x5a87          Code  Wk  vectortrap_M.o [4]
SysTick_Handler              0x5a87          Code  Wk  vectortrap_M.o [4]
UsageFault_Handler           0x5a87          Code  Wk  vectortrap_M.o [4]
_Close_all                   0x738d    0x40  Code  Gb  xcloseall.o [2]
_FProut                      0x74c5    0x18  Code  Gb  xfprout.o [2]
_Files                  0x2000'00d8    0x20  Data  Gb  xfiles.o [2]
_Fofind                      0x6c0d    0x46  Code  Gb  xfofind.o [2]
_Fofree                      0x6c53    0x86  Code  Gb  xfofind.o [2]
_Fopen                       0x6bc1    0x3c  Code  Gb  xfopen.o [2]
_Fopen::rwacc                0x6bfc    0x10  Data  Lc  xfopen.o [2]
_Foprep                      0x6a49    0xf8  Code  Gb  xfoprep.o [2]
_Foprep::init                0x7344    0x48  Data  Lc  xfoprep.o [2]
_Fspos                       0x6f25    0xd8  Code  Gb  xfspos.o [2]
_Fwprep                      0x7057    0xb4  Code  Gb  xfwprep.o [2]
_LitobFullNoMb               0x5875   0x10c  Code  Lc  xprintffull_nomb.o [2]
_Locale_lconv           0x2000'00f8    0x38  Data  Lc  xlocale_c.o [2]
_Nnl                         0x6ffd     0xc  Code  Gb  xfgpos.o [2]
_PrintfFullNoMb              0x4b41   0xd04  Code  Gb  xprintffull_nomb.o [2]
_PutcharFullNoMb             0x59d9    0x20  Code  Lc  xprintffull_nomb.o [2]
_PutcharsFullNoMb            0x59f9    0x2e  Code  Lc  xprintffull_nomb.o [2]
__aeabi_cdcmple              0x5c71          Code  Gb  DblCmpLe.o [3]
__aeabi_cdrcmple             0x5ca5          Code  Gb  DblCmpGe.o [3]
__aeabi_d2iz                 0x5e15          Code  Gb  DblToS32.o [3]
__aeabi_d2uiz                0x6309          Code  Gb  DblToU32.o [3]
__aeabi_ddiv                 0x60c1          Code  Gb  DblDiv.o [3]
__aeabi_dmul                 0x6349          Code  Gb  DblMul.o [3]
__aeabi_dsub                 0x5fdd          Code  Gb  DblAddSub.o [3]
__aeabi_i2d                  0x5e4d          Code  Gb  S32ToDbl.o [3]
__aeabi_ldiv0                0x6735          Code  Gb  I64DivZer.o [4]
__aeabi_memcpy               0x5b59          Code  Gb  ABImemcpy.o [4]
__aeabi_memcpy4              0x5b79          Code  Gb  ABImemcpy.o [4]
__aeabi_memcpy8              0x5b79          Code  Gb  ABImemcpy.o [4]
__aeabi_ui2d                 0x632d          Code  Gb  U32ToDbl.o [3]
__aeabi_uldivmod             0x64fd          Code  Gb  I64DivMod.o [4]
__basic_free                 0x687d    0x16  Code  Gb  heap0.o [2]
__basic_free_intern          0x6893    0x74  Code  Lc  heap0.o [2]
__basic_malloc               0x67d1    0x18  Code  Gb  heap0.o [2]
__basic_malloc_intern        0x67e9    0x94  Code  Lc  heap0.o [2]
__cexit_closeall             0x749b          Code  Gb  cexit.o [4]
__close                      0x6d8d    0x18  Code  Gb  close.o [5]
__cmain                      0x7471          Code  Gb  cmain.o [4]
__cstart_closeall            0x7504          Data  Gb  cstart_closeall.o [4]
__data_GetMemChunk           0x690d    0x2c  Code  Gb  xgetmemchunk.o [2]
__data_GetMemChunk::start
                        0x2000'02b8     0x4  Data  Lc  xgetmemchunk.o [2]
__dwrite                     0x6ec5    0x1e  Code  Gb  dwrite.o [5]
__exit                       0x6739    0x14  Code  Gb  exit.o [5]
__iar_Fail_s                 0x5a89    0x1c  Code  Gb  xfail_s.o [2]
__iar_Memchr                 0x5b01          Code  Gb  memchr.o [4]
__iar_Stderr            0x2000'0090    0x48  Data  Gb  xfiles.o [2]
__iar_Stdin             0x2000'0000    0x48  Data  Gb  xfiles.o [2]
__iar_Stdout            0x2000'0048    0x48  Data  Gb  xfiles.o [2]
__iar_Strchr                 0x5a71          Code  Gb  strchr.o [4]
__iar_close_ttio             0x674d    0x2c  Code  Gb  iarttio.o [5]
__iar_data_init3             0x7405    0x28  Code  Gb  data_init.o [4]
__iar_frexp                  0x5c0d          Code  Gb  frexp.o [3]
__iar_frexpl                 0x5c0d          Code  Gb  frexp.o [3]
__iar_get_ttio               0x6779    0x4c  Code  Gb  iarttio.o [5]
__iar_init_vfp               0x742d          Code  Gb  fpinit_M.o [3]
__iar_ldexp64                0x5cd9          Code  Gb  ldexp.o [3]
__iar_lookup_ttioh           0x67c9     0x8  Code  Gb  XShttio.o [2]
__iar_lz77_init_single3
                             0x712f    0x78  Code  Gb  lz77_init_single.o [4]
__iar_program_start          0x74a9          Code  Gb  cstartup_M.o [4]
__iar_scalbln64              0x5cd9          Code  Gb  ldexp.o [3]
__iar_scalbn64               0x5cd9          Code  Gb  ldexp.o [3]
__iar_sh_Discard             0x697d    0x42  Code  Gb  XShHandles.o [2]
__iar_sh_Init                0x6939    0x44  Code  Gb  XShHandles.o [2]
__iar_sh_Move                0x69bf    0x46  Code  Gb  XShHandles.o [2]
__iar_sh_Pos                 0x6a05    0x40  Code  Gb  XShHandles.o [2]
__iar_sh_stdout              0x6ee3    0x20  Code  Gb  iarwstd.o [5]
__iar_sh_write               0x6f03    0x22  Code  Gb  iarwrite.o [5]
__iar_softfp___iar_frexp64
                             0x5c01          Code  Gb  frexp.o [3]
__iar_softfp_frexp           0x5c01          Code  Gb  frexp.o [3]
__iar_softfp_frexpl          0x5c01          Code  Gb  frexp.o [3]
__iar_ttio_handles      0x2000'0130     0x8  Data  Lc  XShttio.o [2]
__iar_zero_init3             0x73cd    0x38  Code  Gb  zero_init3.o [4]
__low_level_init             0x748f     0x4  Code  Gb  low_level_init.o [2]
__lseek                      0x7009    0x4e  Code  Gb  lseek.o [5]
__open                       0x6db9    0x46  Code  Gb  open.o [5]
__vector_table                  0x0          Data  Gb  vector_table_M.o [4]
__write_buffered             0x6e01    0xc4  Code  Gb  xxwritebuffered.o [2]
_call_main                   0x747d          Code  Gb  cmain.o [4]
_exit                        0x7499          Code  Gb  cexit.o [4]
abort                        0x672d     0x6  Code  Gb  abort.o [2]
ebuf                    0x2000'020c    0x50  Data  Lc  xfiles.o [2]
exit                         0x7493     0x4  Code  Gb  exit.o [2]
fclose                       0x6b41    0x7e  Code  Gb  fclose.o [2]
fflush                       0x6d51    0x34  Code  Gb  fflush.o [2]
fflushOne                    0x6cdd    0x74  Code  Lc  fflush.o [2]
fopen                        0x728b    0x2a  Code  Gb  fopen.o [2]
fprintf                      0x72b5    0x3c  Code  Gb  fprintf.o [2]
fputc                        0x72f1    0x54  Code  Gb  fputc.o [2]
free                         0x6d89     0x4  Code  Gb  heaptramp0.o [2]
fseek                        0x710b    0x24  Code  Gb  fseek.o [2]
image1                         0x40  0x4b00  Data  Gb  main.o [1]
ldexp                        0x5cd9          Code  Gb  ldexp.o [3]
ldexpl                       0x5cd9          Code  Gb  ldexp.o [3]
localeconv                   0x64f5     0x4  Code  Gb  xlocale_c.o [2]
main                         0x71a9    0x74  Code  Gb  main.o [1]
memchr                       0x5b01          Code  Gb  memchr.o [4]
obuf                    0x2000'025c    0x50  Data  Lc  xfiles.o [2]
p_start_image1               0x7500     0x4  Data  Gb  main.o [1]
remove                       0x6da5    0x14  Code  Gb  remove.o [5]
sFileInfo               0x2000'0138    0x80  Data  Lc  XShHandles.o [2]
scalbln                      0x5cd9          Code  Gb  ldexp.o [3]
scalblnl                     0x5cd9          Code  Gb  ldexp.o [3]
scalbn                       0x5cd9          Code  Gb  ldexp.o [3]
scalbnl                      0x5cd9          Code  Gb  ldexp.o [3]
scale                        0x5981    0x46  Code  Lc  xprintffull_nomb.o [2]
sec_hand                0x2000'02b4     0x4  Data  Lc  xfail_s.o [2]
store                   0x2000'01b8    0x50  Data  Lc  xxwritebuffered.o [2]
storeLen                0x2000'0208     0x4  Data  Lc  xxwritebuffered.o [2]
strchr                       0x5a71          Code  Gb  strchr.o [4]
strlen                       0x5ac9          Code  Gb  strlen.o [4]


[1] = C:\Users\ga\OneDrive\UTFPR\10 semestre\Sistemas Embarcados\EmbeddedSystems-ELF74\Lab3\Debug\Obj\Source
[2] = dl7M_tlf.a
[3] = m7M_tls.a
[4] = rt7M_tl.a
[5] = shb_l.a

  10'607 bytes of readonly  code memory
  19'447 bytes of readonly  data memory
  99'004 bytes of readwrite data memory

Errors: none
Warnings: none
