###############################################################################
#
# IAR ELF Linker V9.20.4.327/W64 for ARM                  18/Jun/2022  01:02:19
# Copyright 2007-2022 IAR Systems AB.
#
#    Output file  =
#        C:\Users\ga\OneDrive\UTFPR\10 semestre\Sistemas
#        Embarcados\EmbeddedSystems-ELF74\Lab4\Debug\Exe\Lab4.out
#    Map file     =
#        C:\Users\ga\OneDrive\UTFPR\10 semestre\Sistemas
#        Embarcados\EmbeddedSystems-ELF74\Lab4\Debug\List\Lab4.map
#    Command line =
#        -f "C:\Users\ga\OneDrive\UTFPR\10 semestre\Sistemas
#        Embarcados\EmbeddedSystems-ELF74\Lab4\Debug\Exe\Lab4.out.rsp"
#        ("C:\Users\ga\OneDrive\UTFPR\10 semestre\Sistemas
#        Embarcados\EmbeddedSystems-ELF74\TivaWare\driverlib\ewarm\Exe\driverlib.a"
#        "C:\Users\ga\OneDrive\UTFPR\10 semestre\Sistemas
#        Embarcados\EmbeddedSystems-ELF74\Lab4\Debug\Obj\Source\Led.o"
#        "C:\Users\ga\OneDrive\UTFPR\10 semestre\Sistemas
#        Embarcados\EmbeddedSystems-ELF74\Lab4\Debug\Obj\Source\main.o"
#        "C:\Users\ga\OneDrive\UTFPR\10 semestre\Sistemas
#        Embarcados\EmbeddedSystems-ELF74\Lab4\Debug\Obj\Source\Protocol.o"
#        "C:\Users\ga\OneDrive\UTFPR\10 semestre\Sistemas
#        Embarcados\EmbeddedSystems-ELF74\Lab4\Debug\Obj\Source\startup_ewarm.o"
#        "C:\Users\ga\OneDrive\UTFPR\10 semestre\Sistemas
#        Embarcados\EmbeddedSystems-ELF74\Lab4\Debug\Obj\Source\Uart.o"
#        --redirect _Printf=_PrintfFullNoMb --redirect _Scanf=_ScanfFullNoMb
#        --no_out_extension -o "C:\Users\ga\OneDrive\UTFPR\10 semestre\Sistemas
#        Embarcados\EmbeddedSystems-ELF74\Lab4\Debug\Exe\Lab4.out" --map
#        "C:\Users\ga\OneDrive\UTFPR\10 semestre\Sistemas
#        Embarcados\EmbeddedSystems-ELF74\Lab4\Debug\List\Lab4.map" --config
#        "C:\Program Files\IAR Systems\Embedded Workbench
#        9.0\arm\config\linker\TexasInstruments\TM4C1294NC.icf" --semihosting
#        "C:\Users\ga\OneDrive\UTFPR\10 semestre\Sistemas
#        Embarcados\EmbeddedSystems-ELF74\Lab4\..\TivaWare\driverlib\ewarm\Exe\driverlib.a"
#        --entry __iar_program_start --vfe --text_out locale)
#
###############################################################################

*******************************************************************************
*** MESSAGES
***

Warning[Lt009]: Inconsistent wchar_t size
            gpio.o(driverlib.a) and 4 other objects in driverlib.a have wchar_t
                      size 16 bits
            Led.o and 17 other objects, some of them in dl7M_tln.a and 11 other
                      libraries have wchar_t size 32 bits


*******************************************************************************
*** RUNTIME MODEL ATTRIBUTES
***

CppFlavor       = *
__CPP_Runtime   = 1
__SystemLibrary = DLib
__dlib_version  = 6


*******************************************************************************
*** HEAP SELECTION
***

The basic heap was selected because some modules are built with
size limitations (and not runtime checking), and --advanced_heap
was not specified.


*******************************************************************************
*** PLACEMENT SUMMARY
***

"A0":  place at address 0x0 { ro section .intvec };
"P1":  place in [from 0x0 to 0xf'ffff] { ro };
define block CSTACK with size = 32K, alignment = 8 { };
define block HEAP with size = 64K, alignment = 8 { };
"P2":  place in [from 0x2000'0000 to 0x2003'ffff] {
          rw, block CSTACK, block HEAP };
do not initialize { rw section .noinit };

  Section          Kind         Address   Size  Object
  -------          ----         -------   ----  ------
"A0":                                    0x200
  .intvec          const            0x0  0x200  startup_ewarm.o [1]
                                - 0x200  0x200

"P1":                                    0xd80
  .text            ro code        0x200  0x4e0  sysctl.o [3]
  .text            ro code        0x6e0  0x2b8  gpio.o [3]
  .text            ro code        0x998  0x1b0  Protocol.o [1]
  .text            ro code        0xb48   0xec  interrupt.o [3]
  .text            ro code        0xc34    0x8  cpu.o [3]
  .text            ro code        0xc3c   0xce  uart.o [3]
  .text            ro code        0xd0c   0x88  main.o [1]
  .text            ro code        0xd94   0x48  Led.o [1]
  .text            ro code        0xddc   0x84  Uart.o [1]
  .text            ro code        0xe60   0x38  zero_init3.o [5]
  .text            ro code        0xe98   0x28  data_init.o [5]
  .text            ro code        0xec0   0x22  fpinit_M.o [4]
  .iar.init_table  const          0xee4   0x10  - Linker created -
  .text            ro code        0xef4   0x1e  startup_ewarm.o [1]
  .text            ro code        0xf14   0x1c  cstartup_M.o [5]
  .text            ro code        0xf30   0x1e  cmain.o [5]
  .text            ro code        0xf4e    0x4  low_level_init.o [2]
  .text            ro code        0xf52    0x4  exit.o [2]
  .text            ro code        0xf58    0xa  cexit.o [5]
  .text            ro code        0xf64   0x14  exit.o [6]
  .rodata          const          0xf78    0x8  main.o [1]
  .rodata          const          0xf80    0x0  zero_init3.o [5]
                                - 0xf80  0xd80

"P2", part 1 of 2:                         0x8
  .bss             zero     0x2000'0000    0x4  Protocol.o [1]
  .bss             zero     0x2000'0004    0x1  Protocol.o [1]
                          - 0x2000'0005    0x5

"P2", part 2 of 2:                       0x100
  .noinit          uninit   0x2000'0008  0x100  startup_ewarm.o [1]
                          - 0x2000'0108  0x100

Unused ranges:

         From           To      Size
         ----           --      ----
        0xf80     0xf'ffff  0xf'f080
  0x2000'0108  0x2003'ffff  0x3'fef8


*******************************************************************************
*** INIT TABLE
***

          Address      Size
          -------      ----
Zero (__iar_zero_init3)
    1 destination range, total size 0x5:
          0x2000'0000   0x5



*******************************************************************************
*** MODULE SUMMARY
***

    Module            ro code  ro data  rw data
    ------            -------  -------  -------
command line/config:
    -------------------------------------------
    Total:

C:\Users\ga\OneDrive\UTFPR\10 semestre\Sistemas Embarcados\EmbeddedSystems-ELF74\Lab4\Debug\Obj\Source: [1]
    Led.o                  72
    Protocol.o            432                 5
    Uart.o                132
    main.o                136        8
    startup_ewarm.o        30      512      256
    -------------------------------------------
    Total:                802      520      261

dl7M_tln.a: [2]
    exit.o                  4
    low_level_init.o        4
    -------------------------------------------
    Total:                  8

driverlib.a: [3]
    cpu.o                   8
    gpio.o                696
    interrupt.o           236
    sysctl.o            1'248
    uart.o                206
    -------------------------------------------
    Total:              2'394

m7M_tls.a: [4]
    fpinit_M.o             34
    -------------------------------------------
    Total:                 34

rt7M_tl.a: [5]
    cexit.o                10
    cmain.o                30
    cstartup_M.o           28
    data_init.o            40
    zero_init3.o           56
    -------------------------------------------
    Total:                164

shb_l.a: [6]
    exit.o                 20
    -------------------------------------------
    Total:                 20

    Gaps                    8        2
    Linker created                  16
-----------------------------------------------
    Grand Total:        3'430      538      261


*******************************************************************************
*** ENTRY LIST
***

Entry                       Address   Size  Type      Object
-----                       -------   ----  ----      ------
.iar.init_table$$Base         0xee4          --   Gb  - Linker created -
.iar.init_table$$Limit        0xef4          --   Gb  - Linker created -
?main                         0xf31         Code  Gb  cmain.o [5]
CPUcpsie                      0xc35    0x8  Code  Gb  cpu.o [3]
FaultISR                      0xf0f    0x2  Code  Lc  startup_ewarm.o [1]
GPIODirModeSet                0x6e1   0x28  Code  Gb  gpio.o [3]
GPIOPadConfigSet              0x709  0x174  Code  Gb  gpio.o [3]
GPIOPinConfigure              0x8bf   0x38  Code  Gb  gpio.o [3]
GPIOPinTypeGPIOOutput         0x887    0xa  Code  Gb  gpio.o [3]
GPIOPinTypeUART               0x8ab   0x14  Code  Gb  gpio.o [3]
GPIOPinWrite                  0x87d    0x6  Code  Gb  gpio.o [3]
IntDefaultHandler             0xf11    0x2  Code  Lc  startup_ewarm.o [1]
IntDisable                    0xbaf   0x56  Code  Gb  interrupt.o [3]
IntEnable                     0xb59   0x56  Code  Gb  interrupt.o [3]
IntMasterEnable               0xb49    0x8  Code  Gb  interrupt.o [3]
NmiSR                         0xf0d    0x2  Code  Lc  startup_ewarm.o [1]
Region$$Table$$Base           0xee4          --   Gb  - Linker created -
Region$$Table$$Limit          0xef4          --   Gb  - Linker created -
ResetISR                      0xef5   0x12  Code  Gb  startup_ewarm.o [1]
SetupLeds                     0xd95   0x38  Code  Gb  Led.o [1]
SetupUart                     0xddd   0x54  Code  Gb  Uart.o [1]
SysCtlClockFreqSet            0x25d  0x204  Code  Gb  sysctl.o [3]
SysCtlPeripheralEnable        0x241    0x8  Code  Gb  sysctl.o [3]
SysCtlPeripheralReady         0x221    0x8  Code  Gb  sysctl.o [3]
UARTCharGetNonBlocking        0xcdb    0xe  Code  Gb  uart.o [3]
UARTCharPutNonBlocking        0xce9    0xe  Code  Gb  uart.o [3]
UARTCharsAvail                0xccb    0x6  Code  Gb  uart.o [3]
UARTConfigSetExpClk           0xc3d   0x4c  Code  Gb  uart.o [3]
UARTDisable                   0xca3   0x1e  Code  Gb  uart.o [3]
UARTEnable                    0xc89   0x1a  Code  Gb  uart.o [3]
UARTIntClear                  0xd07    0x4  Code  Gb  uart.o [3]
UARTIntEnable                 0xcf7    0x6  Code  Gb  uart.o [3]
UARTIntHandler                0xd0d   0x2e  Code  Gb  main.o [1]
UARTIntStatus                 0xcfd    0xa  Code  Gb  uart.o [3]
UARTSend                      0xe31   0x1c  Code  Gb  Uart.o [1]
_SysCtlMemTimingGet           0x201   0x20  Code  Lc  sysctl.o [3]
__cmain                       0xf31         Code  Gb  cmain.o [5]
__exit                        0xf65   0x14  Code  Gb  exit.o [6]
__iar_data_init3              0xe99   0x28  Code  Gb  data_init.o [5]
__iar_init_vfp                0xec1         Code  Gb  fpinit_M.o [4]
__iar_program_start           0xf15         Code  Gb  cstartup_M.o [5]
__iar_zero_init3              0xe61   0x38  Code  Gb  zero_init3.o [5]
__low_level_init              0xf4f    0x4  Code  Gb  low_level_init.o [2]
__vector_table                  0x0  0x200  Data  Gb  startup_ewarm.o [1]
_call_main                    0xf3d         Code  Gb  cmain.o [5]
_exit                         0xf59         Code  Gb  cexit.o [5]
addBuffer                     0x999   0x10  Code  Gb  Protocol.o [1]
addBufferAt                   0xb31    0x8  Code  Gb  Protocol.o [1]
buffer                  0x2000'0000    0x4  Data  Lc  Protocol.o [1]
clearBuffer                   0xb0d   0x20  Code  Gb  Protocol.o [1]
exit                          0xf53    0x4  Code  Gb  exit.o [2]
g_pppui32XTALtoVCO            0x4f8  0x1b0  Data  Lc  sysctl.o [3]
g_pui32Dii16Regs              0xc20   0x14  Data  Lc  interrupt.o [3]
g_pui32EnRegs                 0xc0c   0x14  Data  Lc  interrupt.o [3]
g_pui32GPIOBaseAddrs          0x908   0x90  Data  Lc  gpio.o [3]
g_pui32VCOFrequencies         0x6d8    0x8  Data  Lc  sysctl.o [3]
g_pui32Xtals                  0x48c   0x6c  Data  Lc  sysctl.o [3]
g_sXTALtoMEMTIM               0x6a8   0x30  Data  Lc  sysctl.o [3]
getBufferAddress              0xb2d    0x4  Code  Gb  Protocol.o [1]
getBufferLength               0x9a9    0x6  Code  Gb  Protocol.o [1]
lastChar                0x2000'0004    0x1  Data  Lc  Protocol.o [1]
main                          0xd3b   0x50  Code  Gb  main.o [1]
pui32Stack              0x2000'0008  0x100  Data  Lc  startup_ewarm.o [1]
turnOffLed                    0xa27   0x78  Code  Lc  Protocol.o [1]
turnOnLed                     0x9af   0x78  Code  Lc  Protocol.o [1]
validateBuffer                0xa9f   0x6e  Code  Gb  Protocol.o [1]


[1] = C:\Users\ga\OneDrive\UTFPR\10 semestre\Sistemas Embarcados\EmbeddedSystems-ELF74\Lab4\Debug\Obj\Source
[2] = dl7M_tln.a
[3] = driverlib.a
[4] = m7M_tls.a
[5] = rt7M_tl.a
[6] = shb_l.a

  3'430 bytes of readonly  code memory
    538 bytes of readonly  data memory
    261 bytes of readwrite data memory

Errors: none
Warnings: 1
